2025-02-09T03:55:51.012+0200 [INFO]  Terraform version: 1.10.3
2025-02-09T03:55:51.012+0200 [INFO]  Go runtime version: go1.23.3
2025-02-09T03:55:51.012+0200 [INFO]  CLI args: []string{"terraform", "-chdir=./config/reactory/terraform/minikube", "apply"}
2025-02-09T03:55:51.014+0200 [INFO]  CLI command args: []string{"apply"}
2025-02-09T03:55:51.058+0200 [INFO]  backend/local: starting Apply operation
2025-02-09T03:55:51.074+0200 [INFO]  provider: configuring client automatic mTLS
2025-02-09T03:55:51.121+0200 [INFO]  provider.terraform-provider-kubernetes_v2.35.1_x5: configuring server automatic mTLS: timestamp="2025-02-09T03:55:51.121+0200"
2025-02-09T03:55:51.183+0200 [INFO]  provider: plugin process exited: plugin=.terraform/providers/registry.terraform.io/hashicorp/kubernetes/2.35.1/darwin_arm64/terraform-provider-kubernetes_v2.35.1_x5 id=74568
2025-02-09T03:55:51.194+0200 [INFO]  provider: configuring client automatic mTLS
2025-02-09T03:55:51.223+0200 [INFO]  provider.terraform-provider-kubernetes_v2.35.1_x5: configuring server automatic mTLS: timestamp="2025-02-09T03:55:51.223+0200"
2025-02-09T03:55:51.249+0200 [INFO]  provider: plugin process exited: plugin=.terraform/providers/registry.terraform.io/hashicorp/kubernetes/2.35.1/darwin_arm64/terraform-provider-kubernetes_v2.35.1_x5 id=74569
2025-02-09T03:55:51.249+0200 [INFO]  backend/local: apply calling Plan
2025-02-09T03:55:51.256+0200 [INFO]  provider: configuring client automatic mTLS
2025-02-09T03:55:51.301+0200 [INFO]  provider.terraform-provider-kubernetes_v2.35.1_x5: configuring server automatic mTLS: timestamp="2025-02-09T03:55:51.299+0200"
2025-02-09T03:55:51.367+0200 [WARN]  Provider "registry.terraform.io/hashicorp/kubernetes" produced an invalid plan for kubernetes_namespace.reactory, but we are tolerating it because it is using the legacy plugin SDK.
    The following problems may be the cause of any confusing errors from downstream operations:
      - .wait_for_default_service_account: planned value cty.False for a non-computed attribute
      - .metadata[0].generate_name: planned value cty.StringVal("") for a non-computed attribute
      - .metadata[0].labels: planned value cty.MapValEmpty(cty.String) for a non-computed attribute
      - .metadata[0].annotations: planned value cty.MapValEmpty(cty.String) for a non-computed attribute
2025-02-09T03:55:51.369+0200 [WARN]  Provider "registry.terraform.io/hashicorp/kubernetes" produced an unexpected new value for module.express_server.kubernetes_persistent_volume.reactory_data during refresh.
      - .metadata[0].annotations: was null, but now cty.MapValEmpty(cty.String)
      - .metadata[0].labels: was null, but now cty.MapValEmpty(cty.String)
      - .spec[0].mount_options: was null, but now cty.SetValEmpty(cty.String)
2025-02-09T03:55:51.377+0200 [WARN]  Provider "registry.terraform.io/hashicorp/kubernetes" produced an invalid plan for module.redis.kubernetes_persistent_volume.redis_data, but we are tolerating it because it is using the legacy plugin SDK.
    The following problems may be the cause of any confusing errors from downstream operations:
      - .metadata[0].labels: planned value cty.MapValEmpty(cty.String) for a non-computed attribute
      - .metadata[0].annotations: planned value cty.MapValEmpty(cty.String) for a non-computed attribute
      - .spec[0].storage_class_name: planned value cty.StringVal("") for a non-computed attribute
      - .spec[0].volume_mode: planned value cty.StringVal("Filesystem") for a non-computed attribute
      - .spec[0].mount_options: planned value cty.SetValEmpty(cty.String) for a non-computed attribute
      - .spec[0].persistent_volume_reclaim_policy: planned value cty.StringVal("Retain") for a non-computed attribute
      - .spec[0].persistent_volume_source[0].host_path[0].type: planned value cty.StringVal("") for a non-computed attribute
2025-02-09T03:55:51.377+0200 [WARN]  Provider "registry.terraform.io/hashicorp/kubernetes" produced an invalid plan for module.postgres.kubernetes_persistent_volume.postgres_data, but we are tolerating it because it is using the legacy plugin SDK.
    The following problems may be the cause of any confusing errors from downstream operations:
      - .metadata[0].annotations: planned value cty.MapValEmpty(cty.String) for a non-computed attribute
      - .metadata[0].labels: planned value cty.MapValEmpty(cty.String) for a non-computed attribute
      - .spec[0].mount_options: planned value cty.SetValEmpty(cty.String) for a non-computed attribute
      - .spec[0].persistent_volume_reclaim_policy: planned value cty.StringVal("Retain") for a non-computed attribute
      - .spec[0].storage_class_name: planned value cty.StringVal("") for a non-computed attribute
      - .spec[0].volume_mode: planned value cty.StringVal("Filesystem") for a non-computed attribute
      - .spec[0].persistent_volume_source[0].host_path[0].type: planned value cty.StringVal("") for a non-computed attribute
2025-02-09T03:55:51.377+0200 [WARN]  Provider "registry.terraform.io/hashicorp/kubernetes" produced an invalid plan for module.meilisearch.kubernetes_persistent_volume.meilisearch_data, but we are tolerating it because it is using the legacy plugin SDK.
    The following problems may be the cause of any confusing errors from downstream operations:
      - .metadata[0].annotations: planned value cty.MapValEmpty(cty.String) for a non-computed attribute
      - .metadata[0].labels: planned value cty.MapValEmpty(cty.String) for a non-computed attribute
      - .spec[0].storage_class_name: planned value cty.StringVal("") for a non-computed attribute
      - .spec[0].volume_mode: planned value cty.StringVal("Filesystem") for a non-computed attribute
      - .spec[0].mount_options: planned value cty.SetValEmpty(cty.String) for a non-computed attribute
      - .spec[0].persistent_volume_reclaim_policy: planned value cty.StringVal("Retain") for a non-computed attribute
      - .spec[0].persistent_volume_source[0].host_path[0].type: planned value cty.StringVal("") for a non-computed attribute
2025-02-09T03:55:51.378+0200 [WARN]  Provider "registry.terraform.io/hashicorp/kubernetes" produced an invalid plan for module.express_server.kubernetes_persistent_volume.reactory_data, but we are tolerating it because it is using the legacy plugin SDK.
    The following problems may be the cause of any confusing errors from downstream operations:
      - .metadata[0].annotations: planned value cty.MapValEmpty(cty.String) for a non-computed attribute
      - .metadata[0].labels: planned value cty.MapValEmpty(cty.String) for a non-computed attribute
      - .spec[0].mount_options: planned value cty.SetValEmpty(cty.String) for a non-computed attribute
      - .spec[0].persistent_volume_reclaim_policy: planned value cty.StringVal("Retain") for a non-computed attribute
      - .spec[0].storage_class_name: planned value cty.StringVal("") for a non-computed attribute
      - .spec[0].volume_mode: planned value cty.StringVal("Filesystem") for a non-computed attribute
      - .spec[0].persistent_volume_source[0].host_path[0].type: planned value cty.StringVal("") for a non-computed attribute
2025-02-09T03:55:51.378+0200 [WARN]  Provider "registry.terraform.io/hashicorp/kubernetes" produced an invalid plan for module.mongodb.kubernetes_persistent_volume.mongodb_data, but we are tolerating it because it is using the legacy plugin SDK.
    The following problems may be the cause of any confusing errors from downstream operations:
      - .metadata[0].annotations: planned value cty.MapValEmpty(cty.String) for a non-computed attribute
      - .metadata[0].labels: planned value cty.MapValEmpty(cty.String) for a non-computed attribute
      - .spec[0].storage_class_name: planned value cty.StringVal("") for a non-computed attribute
      - .spec[0].volume_mode: planned value cty.StringVal("Filesystem") for a non-computed attribute
      - .spec[0].mount_options: planned value cty.SetValEmpty(cty.String) for a non-computed attribute
      - .spec[0].persistent_volume_reclaim_policy: planned value cty.StringVal("Retain") for a non-computed attribute
      - .spec[0].persistent_volume_source[0].host_path[0].type: planned value cty.StringVal("") for a non-computed attribute
2025-02-09T03:55:51.382+0200 [WARN]  Provider "registry.terraform.io/hashicorp/kubernetes" produced an invalid plan for module.prometheus.kubernetes_service.reactory_prometheus, but we are tolerating it because it is using the legacy plugin SDK.
    The following problems may be the cause of any confusing errors from downstream operations:
      - .wait_for_load_balancer: planned value cty.True for a non-computed attribute
      - .metadata[0].annotations: planned value cty.MapValEmpty(cty.String) for a non-computed attribute
      - .metadata[0].generate_name: planned value cty.StringVal("") for a non-computed attribute
      - .metadata[0].labels: planned value cty.MapValEmpty(cty.String) for a non-computed attribute
      - .spec[0].allocate_load_balancer_node_ports: planned value cty.True for a non-computed attribute
      - .spec[0].load_balancer_class: planned value cty.StringVal("") for a non-computed attribute
      - .spec[0].external_name: planned value cty.StringVal("") for a non-computed attribute
      - .spec[0].load_balancer_ip: planned value cty.StringVal("") for a non-computed attribute
      - .spec[0].load_balancer_source_ranges: planned value cty.SetValEmpty(cty.String) for a non-computed attribute
      - .spec[0].external_ips: planned value cty.SetValEmpty(cty.String) for a non-computed attribute
      - .spec[0].publish_not_ready_addresses: planned value cty.False for a non-computed attribute
      - .spec[0].session_affinity: planned value cty.StringVal("None") for a non-computed attribute
      - .spec[0].port[0].protocol: planned value cty.StringVal("TCP") for a non-computed attribute
      - .spec[0].port[0].app_protocol: planned value cty.StringVal("") for a non-computed attribute
      - .spec[0].port[0].name: planned value cty.StringVal("") for a non-computed attribute
2025-02-09T03:55:51.383+0200 [WARN]  Provider "registry.terraform.io/hashicorp/kubernetes" produced an invalid plan for module.express_server.kubernetes_persistent_volume_claim.reactory_data, but we are tolerating it because it is using the legacy plugin SDK.
    The following problems may be the cause of any confusing errors from downstream operations:
      - .wait_until_bound: planned value cty.True for a non-computed attribute
      - .metadata[0].labels: planned value cty.MapValEmpty(cty.String) for a non-computed attribute
      - .metadata[0].annotations: planned value cty.MapValEmpty(cty.String) for a non-computed attribute
      - .metadata[0].generate_name: planned value cty.StringVal("") for a non-computed attribute
      - .spec[0].resources[0].limits: planned value cty.MapValEmpty(cty.String) for a non-computed attribute
2025-02-09T03:55:51.383+0200 [WARN]  Provider "registry.terraform.io/hashicorp/kubernetes" produced an invalid plan for module.grafana.kubernetes_service.reactory_grafana, but we are tolerating it because it is using the legacy plugin SDK.
    The following problems may be the cause of any confusing errors from downstream operations:
      - .wait_for_load_balancer: planned value cty.True for a non-computed attribute
      - .metadata[0].annotations: planned value cty.MapValEmpty(cty.String) for a non-computed attribute
      - .metadata[0].generate_name: planned value cty.StringVal("") for a non-computed attribute
      - .metadata[0].labels: planned value cty.MapValEmpty(cty.String) for a non-computed attribute
      - .spec[0].allocate_load_balancer_node_ports: planned value cty.True for a non-computed attribute
      - .spec[0].load_balancer_class: planned value cty.StringVal("") for a non-computed attribute
      - .spec[0].external_name: planned value cty.StringVal("") for a non-computed attribute
      - .spec[0].load_balancer_ip: planned value cty.StringVal("") for a non-computed attribute
      - .spec[0].load_balancer_source_ranges: planned value cty.SetValEmpty(cty.String) for a non-computed attribute
      - .spec[0].external_ips: planned value cty.SetValEmpty(cty.String) for a non-computed attribute
      - .spec[0].publish_not_ready_addresses: planned value cty.False for a non-computed attribute
      - .spec[0].session_affinity: planned value cty.StringVal("None") for a non-computed attribute
      - .spec[0].port[0].protocol: planned value cty.StringVal("TCP") for a non-computed attribute
      - .spec[0].port[0].app_protocol: planned value cty.StringVal("") for a non-computed attribute
      - .spec[0].port[0].name: planned value cty.StringVal("") for a non-computed attribute
2025-02-09T03:55:51.389+0200 [WARN]  Provider "registry.terraform.io/hashicorp/kubernetes" produced an invalid plan for module.meilisearch.kubernetes_persistent_volume_claim.meilisearch_data, but we are tolerating it because it is using the legacy plugin SDK.
    The following problems may be the cause of any confusing errors from downstream operations:
      - .wait_until_bound: planned value cty.True for a non-computed attribute
      - .metadata[0].annotations: planned value cty.MapValEmpty(cty.String) for a non-computed attribute
      - .metadata[0].generate_name: planned value cty.StringVal("") for a non-computed attribute
      - .metadata[0].labels: planned value cty.MapValEmpty(cty.String) for a non-computed attribute
      - .spec[0].resources[0].limits: planned value cty.MapValEmpty(cty.String) for a non-computed attribute
2025-02-09T03:55:51.389+0200 [WARN]  Provider "registry.terraform.io/hashicorp/kubernetes" produced an invalid plan for module.redis.kubernetes_persistent_volume_claim.redis_data, but we are tolerating it because it is using the legacy plugin SDK.
    The following problems may be the cause of any confusing errors from downstream operations:
      - .wait_until_bound: planned value cty.True for a non-computed attribute
      - .spec[0].resources[0].limits: planned value cty.MapValEmpty(cty.String) for a non-computed attribute
      - .metadata[0].annotations: planned value cty.MapValEmpty(cty.String) for a non-computed attribute
      - .metadata[0].generate_name: planned value cty.StringVal("") for a non-computed attribute
      - .metadata[0].labels: planned value cty.MapValEmpty(cty.String) for a non-computed attribute
2025-02-09T03:55:51.394+0200 [WARN]  Provider "registry.terraform.io/hashicorp/kubernetes" produced an invalid plan for module.jaeger.kubernetes_service.reactory_jaeger, but we are tolerating it because it is using the legacy plugin SDK.
    The following problems may be the cause of any confusing errors from downstream operations:
      - .wait_for_load_balancer: planned value cty.True for a non-computed attribute
      - .metadata[0].annotations: planned value cty.MapValEmpty(cty.String) for a non-computed attribute
      - .metadata[0].generate_name: planned value cty.StringVal("") for a non-computed attribute
      - .metadata[0].labels: planned value cty.MapValEmpty(cty.String) for a non-computed attribute
      - .spec[0].external_ips: planned value cty.SetValEmpty(cty.String) for a non-computed attribute
      - .spec[0].publish_not_ready_addresses: planned value cty.False for a non-computed attribute
      - .spec[0].session_affinity: planned value cty.StringVal("None") for a non-computed attribute
      - .spec[0].allocate_load_balancer_node_ports: planned value cty.True for a non-computed attribute
      - .spec[0].load_balancer_class: planned value cty.StringVal("") for a non-computed attribute
      - .spec[0].external_name: planned value cty.StringVal("") for a non-computed attribute
      - .spec[0].load_balancer_ip: planned value cty.StringVal("") for a non-computed attribute
      - .spec[0].load_balancer_source_ranges: planned value cty.SetValEmpty(cty.String) for a non-computed attribute
      - .spec[0].port[0].protocol: planned value cty.StringVal("TCP") for a non-computed attribute
      - .spec[0].port[0].app_protocol: planned value cty.StringVal("") for a non-computed attribute
      - .spec[0].port[1].protocol: planned value cty.StringVal("TCP") for a non-computed attribute
      - .spec[0].port[1].app_protocol: planned value cty.StringVal("") for a non-computed attribute
2025-02-09T03:55:51.394+0200 [WARN]  Provider "registry.terraform.io/hashicorp/kubernetes" produced an invalid plan for module.express_server.kubernetes_service.reactory_express_server, but we are tolerating it because it is using the legacy plugin SDK.
    The following problems may be the cause of any confusing errors from downstream operations:
      - .wait_for_load_balancer: planned value cty.True for a non-computed attribute
      - .metadata[0].annotations: planned value cty.MapValEmpty(cty.String) for a non-computed attribute
      - .metadata[0].generate_name: planned value cty.StringVal("") for a non-computed attribute
      - .metadata[0].labels: planned value cty.MapValEmpty(cty.String) for a non-computed attribute
      - .spec[0].external_ips: planned value cty.SetValEmpty(cty.String) for a non-computed attribute
      - .spec[0].publish_not_ready_addresses: planned value cty.False for a non-computed attribute
      - .spec[0].session_affinity: planned value cty.StringVal("None") for a non-computed attribute
      - .spec[0].load_balancer_class: planned value cty.StringVal("") for a non-computed attribute
      - .spec[0].allocate_load_balancer_node_ports: planned value cty.True for a non-computed attribute
      - .spec[0].load_balancer_ip: planned value cty.StringVal("") for a non-computed attribute
      - .spec[0].load_balancer_source_ranges: planned value cty.SetValEmpty(cty.String) for a non-computed attribute
      - .spec[0].external_name: planned value cty.StringVal("") for a non-computed attribute
      - .spec[0].port[0].name: planned value cty.StringVal("") for a non-computed attribute
      - .spec[0].port[0].protocol: planned value cty.StringVal("TCP") for a non-computed attribute
      - .spec[0].port[0].app_protocol: planned value cty.StringVal("") for a non-computed attribute
2025-02-09T03:55:51.395+0200 [WARN]  Provider "registry.terraform.io/hashicorp/kubernetes" produced an unexpected new value for module.pwa_client.kubernetes_deployment.reactory_pwa_client during refresh.
      - .metadata[0].resource_version: was cty.StringVal("2591"), but now cty.StringVal("3516")
      - .metadata[0].annotations: was null, but now cty.MapValEmpty(cty.String)
      - .metadata[0].labels: was null, but now cty.MapValEmpty(cty.String)
      - .spec[0].template[0].metadata[0].annotations: was null, but now cty.MapValEmpty(cty.String)
      - .spec[0].template[0].spec[0].node_selector: was null, but now cty.MapValEmpty(cty.String)
      - .spec[0].template[0].spec[0].container[0].args: was null, but now cty.ListValEmpty(cty.String)
      - .spec[0].template[0].spec[0].container[0].command: was null, but now cty.ListValEmpty(cty.String)
2025-02-09T03:55:51.399+0200 [WARN]  Provider "registry.terraform.io/hashicorp/kubernetes" produced an unexpected new value for module.prometheus.kubernetes_deployment.reactory_prometheus during refresh.
      - .spec[0].strategy: block count changed from 0 to 1
      - .spec[0].template[0].spec[0].node_selector: was null, but now cty.MapValEmpty(cty.String)
      - .spec[0].template[0].spec[0].scheduler_name: was cty.StringVal(""), but now cty.StringVal("default-scheduler")
      - .spec[0].template[0].spec[0].container[0].termination_message_policy: was cty.StringVal(""), but now cty.StringVal("File")
      - .spec[0].template[0].spec[0].container[0].args: was null, but now cty.ListValEmpty(cty.String)
      - .spec[0].template[0].spec[0].container[0].command: was null, but now cty.ListValEmpty(cty.String)
      - .spec[0].template[0].spec[0].container[0].image_pull_policy: was cty.StringVal(""), but now cty.StringVal("Always")
      - .spec[0].template[0].spec[0].container[0].resources: block count changed from 0 to 1
      - .spec[0].template[0].metadata[0].annotations: was null, but now cty.MapValEmpty(cty.String)
      - .metadata[0].generation: was cty.NumberIntVal(0), but now cty.NumberIntVal(1)
      - .metadata[0].labels: was null, but now cty.MapValEmpty(cty.String)
      - .metadata[0].resource_version: was cty.StringVal(""), but now cty.StringVal("3178")
      - .metadata[0].uid: was cty.StringVal(""), but now cty.StringVal("c82348fe-bf43-41a9-aea9-6cf5062e81ad")
      - .metadata[0].annotations: was null, but now cty.MapValEmpty(cty.String)
2025-02-09T03:55:51.399+0200 [WARN]  Provider "registry.terraform.io/hashicorp/kubernetes" produced an invalid plan for module.mongodb.kubernetes_persistent_volume_claim.mongodb_data, but we are tolerating it because it is using the legacy plugin SDK.
    The following problems may be the cause of any confusing errors from downstream operations:
      - .wait_until_bound: planned value cty.True for a non-computed attribute
      - .metadata[0].annotations: planned value cty.MapValEmpty(cty.String) for a non-computed attribute
      - .metadata[0].generate_name: planned value cty.StringVal("") for a non-computed attribute
      - .metadata[0].labels: planned value cty.MapValEmpty(cty.String) for a non-computed attribute
      - .spec[0].resources[0].limits: planned value cty.MapValEmpty(cty.String) for a non-computed attribute
2025-02-09T03:55:51.399+0200 [WARN]  Provider "registry.terraform.io/hashicorp/kubernetes" produced an invalid plan for module.postgres.kubernetes_persistent_volume_claim.postgres_data, but we are tolerating it because it is using the legacy plugin SDK.
    The following problems may be the cause of any confusing errors from downstream operations:
      - .wait_until_bound: planned value cty.True for a non-computed attribute
      - .spec[0].resources[0].limits: planned value cty.MapValEmpty(cty.String) for a non-computed attribute
      - .metadata[0].annotations: planned value cty.MapValEmpty(cty.String) for a non-computed attribute
      - .metadata[0].generate_name: planned value cty.StringVal("") for a non-computed attribute
      - .metadata[0].labels: planned value cty.MapValEmpty(cty.String) for a non-computed attribute
2025-02-09T03:55:51.400+0200 [WARN]  Provider "registry.terraform.io/hashicorp/kubernetes" produced an unexpected new value for module.grafana.kubernetes_deployment.reactory_grafana during refresh.
      - .metadata[0].labels: was null, but now cty.MapValEmpty(cty.String)
      - .metadata[0].resource_version: was cty.StringVal("2643"), but now cty.StringVal("3438")
      - .metadata[0].annotations: was null, but now cty.MapValEmpty(cty.String)
      - .spec[0].template[0].metadata[0].annotations: was null, but now cty.MapValEmpty(cty.String)
      - .spec[0].template[0].spec[0].node_selector: was null, but now cty.MapValEmpty(cty.String)
      - .spec[0].template[0].spec[0].container[0].args: was null, but now cty.ListValEmpty(cty.String)
      - .spec[0].template[0].spec[0].container[0].command: was null, but now cty.ListValEmpty(cty.String)
2025-02-09T03:55:51.404+0200 [WARN]  Provider "registry.terraform.io/hashicorp/kubernetes" produced an unexpected new value for module.jaeger.kubernetes_deployment.reactory_jaeger during refresh.
      - .metadata[0].resource_version: was cty.StringVal("2216"), but now cty.StringVal("3435")
2025-02-09T03:55:51.415+0200 [WARN]  Provider "registry.terraform.io/hashicorp/kubernetes" produced an invalid plan for module.pwa_client.kubernetes_deployment.reactory_pwa_client, but we are tolerating it because it is using the legacy plugin SDK.
    The following problems may be the cause of any confusing errors from downstream operations:
      - .wait_for_rollout: planned value cty.True for a non-computed attribute
      - .metadata[0].generate_name: planned value cty.StringVal("") for a non-computed attribute
      - .metadata[0].labels: planned value cty.MapValEmpty(cty.String) for a non-computed attribute
      - .metadata[0].annotations: planned value cty.MapValEmpty(cty.String) for a non-computed attribute
      - .spec[0].revision_history_limit: planned value cty.NumberIntVal(10) for a non-computed attribute
      - .spec[0].min_ready_seconds: planned value cty.NumberIntVal(0) for a non-computed attribute
      - .spec[0].paused: planned value cty.False for a non-computed attribute
      - .spec[0].progress_deadline_seconds: planned value cty.NumberIntVal(600) for a non-computed attribute
      - .spec[0].strategy: block count in plan (1) disagrees with count in config (0)
      - .spec[0].template[0].metadata[0].namespace: planned value cty.StringVal("") for a non-computed attribute
      - .spec[0].template[0].metadata[0].annotations: planned value cty.MapValEmpty(cty.String) for a non-computed attribute
      - .spec[0].template[0].metadata[0].generate_name: planned value cty.StringVal("") for a non-computed attribute
      - .spec[0].template[0].spec[0].node_selector: planned value cty.MapValEmpty(cty.String) for a non-computed attribute
      - .spec[0].template[0].spec[0].priority_class_name: planned value cty.StringVal("") for a non-computed attribute
      - .spec[0].template[0].spec[0].termination_grace_period_seconds: planned value cty.NumberIntVal(30) for a non-computed attribute
      - .spec[0].template[0].spec[0].restart_policy: planned value cty.StringVal("Always") for a non-computed attribute
      - .spec[0].template[0].spec[0].runtime_class_name: planned value cty.StringVal("") for a non-computed attribute
      - .spec[0].template[0].spec[0].subdomain: planned value cty.StringVal("") for a non-computed attribute
      - .spec[0].template[0].spec[0].active_deadline_seconds: planned value cty.NumberIntVal(0) for a non-computed attribute
      - .spec[0].template[0].spec[0].dns_policy: planned value cty.StringVal("ClusterFirst") for a non-computed attribute
      - .spec[0].template[0].spec[0].enable_service_links: planned value cty.True for a non-computed attribute
      - .spec[0].template[0].spec[0].host_ipc: planned value cty.False for a non-computed attribute
      - .spec[0].template[0].spec[0].automount_service_account_token: planned value cty.True for a non-computed attribute
      - .spec[0].template[0].spec[0].host_network: planned value cty.False for a non-computed attribute
      - .spec[0].template[0].spec[0].host_pid: planned value cty.False for a non-computed attribute
      - .spec[0].template[0].spec[0].share_process_namespace: planned value cty.False for a non-computed attribute
      - .spec[0].template[0].spec[0].container[0].command: planned value cty.ListValEmpty(cty.String) for a non-computed attribute
      - .spec[0].template[0].spec[0].container[0].stdin: planned value cty.False for a non-computed attribute
      - .spec[0].template[0].spec[0].container[0].args: planned value cty.ListValEmpty(cty.String) for a non-computed attribute
      - .spec[0].template[0].spec[0].container[0].stdin_once: planned value cty.False for a non-computed attribute
      - .spec[0].template[0].spec[0].container[0].termination_message_path: planned value cty.StringVal("/dev/termination-log") for a non-computed attribute
      - .spec[0].template[0].spec[0].container[0].tty: planned value cty.False for a non-computed attribute
      - .spec[0].template[0].spec[0].container[0].working_dir: planned value cty.StringVal("") for a non-computed attribute
      - .spec[0].template[0].spec[0].container[0].resources: block count in plan (1) disagrees with count in config (0)
      - .spec[0].template[0].spec[0].container[0].port[0].name: planned value cty.StringVal("") for a non-computed attribute
      - .spec[0].template[0].spec[0].container[0].port[0].protocol: planned value cty.StringVal("TCP") for a non-computed attribute
      - .spec[0].template[0].spec[0].container[0].port[0].host_ip: planned value cty.StringVal("") for a non-computed attribute
      - .spec[0].template[0].spec[0].container[0].port[0].host_port: planned value cty.NumberIntVal(0) for a non-computed attribute
2025-02-09T03:55:51.422+0200 [WARN]  Provider "registry.terraform.io/hashicorp/kubernetes" produced an invalid plan for module.prometheus.kubernetes_deployment.reactory_prometheus, but we are tolerating it because it is using the legacy plugin SDK.
    The following problems may be the cause of any confusing errors from downstream operations:
      - .wait_for_rollout: planned value cty.True for a non-computed attribute
      - .spec[0].revision_history_limit: planned value cty.NumberIntVal(10) for a non-computed attribute
      - .spec[0].min_ready_seconds: planned value cty.NumberIntVal(0) for a non-computed attribute
      - .spec[0].paused: planned value cty.False for a non-computed attribute
      - .spec[0].progress_deadline_seconds: planned value cty.NumberIntVal(600) for a non-computed attribute
      - .spec[0].strategy: attribute representing nested block must not be unknown itself; set nested attribute values to unknown instead
      - .spec[0].template[0].spec[0].host_network: planned value cty.False for a non-computed attribute
      - .spec[0].template[0].spec[0].host_pid: planned value cty.False for a non-computed attribute
      - .spec[0].template[0].spec[0].share_process_namespace: planned value cty.False for a non-computed attribute
      - .spec[0].template[0].spec[0].termination_grace_period_seconds: planned value cty.NumberIntVal(30) for a non-computed attribute
      - .spec[0].template[0].spec[0].restart_policy: planned value cty.StringVal("Always") for a non-computed attribute
      - .spec[0].template[0].spec[0].dns_policy: planned value cty.StringVal("ClusterFirst") for a non-computed attribute
      - .spec[0].template[0].spec[0].enable_service_links: planned value cty.True for a non-computed attribute
      - .spec[0].template[0].spec[0].host_ipc: planned value cty.False for a non-computed attribute
      - .spec[0].template[0].spec[0].automount_service_account_token: planned value cty.True for a non-computed attribute
      - .spec[0].template[0].spec[0].container[0].stdin: planned value cty.False for a non-computed attribute
      - .spec[0].template[0].spec[0].container[0].termination_message_path: planned value cty.StringVal("/dev/termination-log") for a non-computed attribute
      - .spec[0].template[0].spec[0].container[0].tty: planned value cty.False for a non-computed attribute
      - .spec[0].template[0].spec[0].container[0].stdin_once: planned value cty.False for a non-computed attribute
      - .spec[0].template[0].spec[0].container[0].resources: attribute representing nested block must not be unknown itself; set nested attribute values to unknown instead
      - .spec[0].template[0].spec[0].container[0].volume_mount[0].mount_propagation: planned value cty.StringVal("None") for a non-computed attribute
      - .spec[0].template[0].spec[0].container[0].volume_mount[0].read_only: planned value cty.False for a non-computed attribute
      - .spec[0].template[0].spec[0].image_pull_secrets: attribute representing nested block must not be unknown itself; set nested attribute values to unknown instead
      - .spec[0].template[0].spec[0].readiness_gate: attribute representing nested block must not be unknown itself; set nested attribute values to unknown instead
2025-02-09T03:55:51.425+0200 [WARN]  Provider "registry.terraform.io/hashicorp/kubernetes" produced an unexpected new value for module.meilisearch.kubernetes_deployment.reactory_meilisearch during refresh.
      - .metadata[0].resource_version: was cty.StringVal("2217"), but now cty.StringVal("3441")
2025-02-09T03:55:51.426+0200 [WARN]  Provider "registry.terraform.io/hashicorp/kubernetes" produced an unexpected new value for module.express_server.kubernetes_deployment.reactory_express_server during refresh.
      - .metadata[0].labels: was null, but now cty.MapValEmpty(cty.String)
      - .metadata[0].resource_version: was cty.StringVal("2604"), but now cty.StringVal("3525")
      - .metadata[0].annotations: was null, but now cty.MapValEmpty(cty.String)
      - .spec[0].template[0].metadata[0].annotations: was null, but now cty.MapValEmpty(cty.String)
      - .spec[0].template[0].spec[0].node_selector: was null, but now cty.MapValEmpty(cty.String)
      - .spec[0].template[0].spec[0].container[0].args: was null, but now cty.ListValEmpty(cty.String)
      - .spec[0].template[0].spec[0].container[0].command: was null, but now cty.ListValEmpty(cty.String)
2025-02-09T03:55:51.426+0200 [WARN]  Provider "registry.terraform.io/hashicorp/kubernetes" produced an unexpected new value for module.redis.kubernetes_deployment.reactory_redis during refresh.
      - .metadata[0].resource_version: was cty.StringVal("2220"), but now cty.StringVal("3439")
2025-02-09T03:55:51.426+0200 [WARN]  Provider "registry.terraform.io/hashicorp/kubernetes" produced an invalid plan for module.jaeger.kubernetes_deployment.reactory_jaeger, but we are tolerating it because it is using the legacy plugin SDK.
    The following problems may be the cause of any confusing errors from downstream operations:
      - .wait_for_rollout: planned value cty.True for a non-computed attribute
      - .metadata[0].generate_name: planned value cty.StringVal("") for a non-computed attribute
      - .metadata[0].labels: planned value cty.MapValEmpty(cty.String) for a non-computed attribute
      - .metadata[0].annotations: planned value cty.MapValEmpty(cty.String) for a non-computed attribute
      - .spec[0].paused: planned value cty.False for a non-computed attribute
      - .spec[0].progress_deadline_seconds: planned value cty.NumberIntVal(600) for a non-computed attribute
      - .spec[0].revision_history_limit: planned value cty.NumberIntVal(10) for a non-computed attribute
      - .spec[0].min_ready_seconds: planned value cty.NumberIntVal(0) for a non-computed attribute
      - .spec[0].strategy: block count in plan (1) disagrees with count in config (0)
      - .spec[0].template[0].metadata[0].namespace: planned value cty.StringVal("") for a non-computed attribute
      - .spec[0].template[0].metadata[0].annotations: planned value cty.MapValEmpty(cty.String) for a non-computed attribute
      - .spec[0].template[0].metadata[0].generate_name: planned value cty.StringVal("") for a non-computed attribute
      - .spec[0].template[0].spec[0].share_process_namespace: planned value cty.False for a non-computed attribute
      - .spec[0].template[0].spec[0].host_network: planned value cty.False for a non-computed attribute
      - .spec[0].template[0].spec[0].host_pid: planned value cty.False for a non-computed attribute
      - .spec[0].template[0].spec[0].node_selector: planned value cty.MapValEmpty(cty.String) for a non-computed attribute
      - .spec[0].template[0].spec[0].priority_class_name: planned value cty.StringVal("") for a non-computed attribute
      - .spec[0].template[0].spec[0].termination_grace_period_seconds: planned value cty.NumberIntVal(30) for a non-computed attribute
      - .spec[0].template[0].spec[0].restart_policy: planned value cty.StringVal("Always") for a non-computed attribute
      - .spec[0].template[0].spec[0].runtime_class_name: planned value cty.StringVal("") for a non-computed attribute
      - .spec[0].template[0].spec[0].subdomain: planned value cty.StringVal("") for a non-computed attribute
      - .spec[0].template[0].spec[0].active_deadline_seconds: planned value cty.NumberIntVal(0) for a non-computed attribute
      - .spec[0].template[0].spec[0].dns_policy: planned value cty.StringVal("ClusterFirst") for a non-computed attribute
      - .spec[0].template[0].spec[0].enable_service_links: planned value cty.True for a non-computed attribute
      - .spec[0].template[0].spec[0].host_ipc: planned value cty.False for a non-computed attribute
      - .spec[0].template[0].spec[0].automount_service_account_token: planned value cty.True for a non-computed attribute
      - .spec[0].template[0].spec[0].container[0].args: planned value cty.ListValEmpty(cty.String) for a non-computed attribute
      - .spec[0].template[0].spec[0].container[0].command: planned value cty.ListValEmpty(cty.String) for a non-computed attribute
      - .spec[0].template[0].spec[0].container[0].stdin: planned value cty.False for a non-computed attribute
      - .spec[0].template[0].spec[0].container[0].working_dir: planned value cty.StringVal("") for a non-computed attribute
      - .spec[0].template[0].spec[0].container[0].stdin_once: planned value cty.False for a non-computed attribute
      - .spec[0].template[0].spec[0].container[0].termination_message_path: planned value cty.StringVal("/dev/termination-log") for a non-computed attribute
      - .spec[0].template[0].spec[0].container[0].tty: planned value cty.False for a non-computed attribute
      - .spec[0].template[0].spec[0].container[0].port[0].protocol: planned value cty.StringVal("TCP") for a non-computed attribute
      - .spec[0].template[0].spec[0].container[0].port[0].host_ip: planned value cty.StringVal("") for a non-computed attribute
      - .spec[0].template[0].spec[0].container[0].port[0].host_port: planned value cty.NumberIntVal(0) for a non-computed attribute
      - .spec[0].template[0].spec[0].container[0].port[0].name: planned value cty.StringVal("") for a non-computed attribute
      - .spec[0].template[0].spec[0].container[0].port[1].host_port: planned value cty.NumberIntVal(0) for a non-computed attribute
      - .spec[0].template[0].spec[0].container[0].port[1].name: planned value cty.StringVal("") for a non-computed attribute
      - .spec[0].template[0].spec[0].container[0].port[1].protocol: planned value cty.StringVal("TCP") for a non-computed attribute
      - .spec[0].template[0].spec[0].container[0].port[1].host_ip: planned value cty.StringVal("") for a non-computed attribute
      - .spec[0].template[0].spec[0].container[0].resources: block count in plan (1) disagrees with count in config (0)
2025-02-09T03:55:51.427+0200 [WARN]  Provider "registry.terraform.io/hashicorp/kubernetes" produced an unexpected new value for module.mongodb.kubernetes_deployment.reactory_mongodb during refresh.
      - .metadata[0].resource_version: was cty.StringVal("2215"), but now cty.StringVal("3434")
2025-02-09T03:55:51.428+0200 [WARN]  Provider "registry.terraform.io/hashicorp/kubernetes" produced an invalid plan for module.grafana.kubernetes_deployment.reactory_grafana, but we are tolerating it because it is using the legacy plugin SDK.
    The following problems may be the cause of any confusing errors from downstream operations:
      - .wait_for_rollout: planned value cty.True for a non-computed attribute
      - .metadata[0].annotations: planned value cty.MapValEmpty(cty.String) for a non-computed attribute
      - .metadata[0].generate_name: planned value cty.StringVal("") for a non-computed attribute
      - .metadata[0].labels: planned value cty.MapValEmpty(cty.String) for a non-computed attribute
      - .spec[0].progress_deadline_seconds: planned value cty.NumberIntVal(600) for a non-computed attribute
      - .spec[0].revision_history_limit: planned value cty.NumberIntVal(10) for a non-computed attribute
      - .spec[0].min_ready_seconds: planned value cty.NumberIntVal(0) for a non-computed attribute
      - .spec[0].paused: planned value cty.False for a non-computed attribute
      - .spec[0].strategy: block count in plan (1) disagrees with count in config (0)
      - .spec[0].template[0].metadata[0].namespace: planned value cty.StringVal("") for a non-computed attribute
      - .spec[0].template[0].metadata[0].annotations: planned value cty.MapValEmpty(cty.String) for a non-computed attribute
      - .spec[0].template[0].metadata[0].generate_name: planned value cty.StringVal("") for a non-computed attribute
      - .spec[0].template[0].spec[0].share_process_namespace: planned value cty.False for a non-computed attribute
      - .spec[0].template[0].spec[0].host_network: planned value cty.False for a non-computed attribute
      - .spec[0].template[0].spec[0].host_pid: planned value cty.False for a non-computed attribute
      - .spec[0].template[0].spec[0].termination_grace_period_seconds: planned value cty.NumberIntVal(30) for a non-computed attribute
      - .spec[0].template[0].spec[0].node_selector: planned value cty.MapValEmpty(cty.String) for a non-computed attribute
      - .spec[0].template[0].spec[0].priority_class_name: planned value cty.StringVal("") for a non-computed attribute
      - .spec[0].template[0].spec[0].enable_service_links: planned value cty.True for a non-computed attribute
      - .spec[0].template[0].spec[0].host_ipc: planned value cty.False for a non-computed attribute
      - .spec[0].template[0].spec[0].restart_policy: planned value cty.StringVal("Always") for a non-computed attribute
      - .spec[0].template[0].spec[0].runtime_class_name: planned value cty.StringVal("") for a non-computed attribute
      - .spec[0].template[0].spec[0].subdomain: planned value cty.StringVal("") for a non-computed attribute
      - .spec[0].template[0].spec[0].active_deadline_seconds: planned value cty.NumberIntVal(0) for a non-computed attribute
      - .spec[0].template[0].spec[0].dns_policy: planned value cty.StringVal("ClusterFirst") for a non-computed attribute
      - .spec[0].template[0].spec[0].automount_service_account_token: planned value cty.True for a non-computed attribute
      - .spec[0].template[0].spec[0].volume[0].host_path[0].type: planned value cty.StringVal("") for a non-computed attribute
      - .spec[0].template[0].spec[0].volume[1].host_path[0].type: planned value cty.StringVal("") for a non-computed attribute
      - .spec[0].template[0].spec[0].container[0].args: planned value cty.ListValEmpty(cty.String) for a non-computed attribute
      - .spec[0].template[0].spec[0].container[0].command: planned value cty.ListValEmpty(cty.String) for a non-computed attribute
      - .spec[0].template[0].spec[0].container[0].stdin: planned value cty.False for a non-computed attribute
      - .spec[0].template[0].spec[0].container[0].stdin_once: planned value cty.False for a non-computed attribute
      - .spec[0].template[0].spec[0].container[0].termination_message_path: planned value cty.StringVal("/dev/termination-log") for a non-computed attribute
      - .spec[0].template[0].spec[0].container[0].tty: planned value cty.False for a non-computed attribute
      - .spec[0].template[0].spec[0].container[0].working_dir: planned value cty.StringVal("") for a non-computed attribute
      - .spec[0].template[0].spec[0].container[0].resources: block count in plan (1) disagrees with count in config (0)
      - .spec[0].template[0].spec[0].container[0].volume_mount[0].mount_propagation: planned value cty.StringVal("None") for a non-computed attribute
      - .spec[0].template[0].spec[0].container[0].volume_mount[0].read_only: planned value cty.False for a non-computed attribute
      - .spec[0].template[0].spec[0].container[0].volume_mount[0].sub_path: planned value cty.StringVal("") for a non-computed attribute
      - .spec[0].template[0].spec[0].container[0].volume_mount[1].read_only: planned value cty.False for a non-computed attribute
      - .spec[0].template[0].spec[0].container[0].volume_mount[1].sub_path: planned value cty.StringVal("") for a non-computed attribute
      - .spec[0].template[0].spec[0].container[0].volume_mount[1].mount_propagation: planned value cty.StringVal("None") for a non-computed attribute
2025-02-09T03:55:51.428+0200 [WARN]  Provider "registry.terraform.io/hashicorp/kubernetes" produced an unexpected new value for module.postgres.kubernetes_deployment.reactory_postgres during refresh.
      - .metadata[0].annotations: was null, but now cty.MapValEmpty(cty.String)
      - .metadata[0].labels: was null, but now cty.MapValEmpty(cty.String)
      - .metadata[0].resource_version: was cty.StringVal("2633"), but now cty.StringVal("3442")
      - .spec[0].template[0].metadata[0].annotations: was null, but now cty.MapValEmpty(cty.String)
      - .spec[0].template[0].spec[0].node_selector: was null, but now cty.MapValEmpty(cty.String)
      - .spec[0].template[0].spec[0].container[0].args: was null, but now cty.ListValEmpty(cty.String)
      - .spec[0].template[0].spec[0].container[0].command: was null, but now cty.ListValEmpty(cty.String)
2025-02-09T03:55:51.440+0200 [WARN]  Provider "registry.terraform.io/hashicorp/kubernetes" produced an invalid plan for module.meilisearch.kubernetes_deployment.reactory_meilisearch, but we are tolerating it because it is using the legacy plugin SDK.
    The following problems may be the cause of any confusing errors from downstream operations:
      - .wait_for_rollout: planned value cty.True for a non-computed attribute
      - .metadata[0].labels: planned value cty.MapValEmpty(cty.String) for a non-computed attribute
      - .metadata[0].annotations: planned value cty.MapValEmpty(cty.String) for a non-computed attribute
      - .metadata[0].generate_name: planned value cty.StringVal("") for a non-computed attribute
      - .spec[0].revision_history_limit: planned value cty.NumberIntVal(10) for a non-computed attribute
      - .spec[0].min_ready_seconds: planned value cty.NumberIntVal(0) for a non-computed attribute
      - .spec[0].paused: planned value cty.False for a non-computed attribute
      - .spec[0].progress_deadline_seconds: planned value cty.NumberIntVal(600) for a non-computed attribute
      - .spec[0].template[0].metadata[0].annotations: planned value cty.MapValEmpty(cty.String) for a non-computed attribute
      - .spec[0].template[0].metadata[0].generate_name: planned value cty.StringVal("") for a non-computed attribute
      - .spec[0].template[0].metadata[0].namespace: planned value cty.StringVal("") for a non-computed attribute
      - .spec[0].template[0].spec[0].termination_grace_period_seconds: planned value cty.NumberIntVal(30) for a non-computed attribute
      - .spec[0].template[0].spec[0].node_selector: planned value cty.MapValEmpty(cty.String) for a non-computed attribute
      - .spec[0].template[0].spec[0].priority_class_name: planned value cty.StringVal("") for a non-computed attribute
      - .spec[0].template[0].spec[0].host_ipc: planned value cty.False for a non-computed attribute
      - .spec[0].template[0].spec[0].restart_policy: planned value cty.StringVal("Always") for a non-computed attribute
      - .spec[0].template[0].spec[0].runtime_class_name: planned value cty.StringVal("") for a non-computed attribute
      - .spec[0].template[0].spec[0].subdomain: planned value cty.StringVal("") for a non-computed attribute
      - .spec[0].template[0].spec[0].active_deadline_seconds: planned value cty.NumberIntVal(0) for a non-computed attribute
      - .spec[0].template[0].spec[0].dns_policy: planned value cty.StringVal("ClusterFirst") for a non-computed attribute
      - .spec[0].template[0].spec[0].enable_service_links: planned value cty.True for a non-computed attribute
      - .spec[0].template[0].spec[0].automount_service_account_token: planned value cty.True for a non-computed attribute
      - .spec[0].template[0].spec[0].share_process_namespace: planned value cty.False for a non-computed attribute
      - .spec[0].template[0].spec[0].host_network: planned value cty.False for a non-computed attribute
      - .spec[0].template[0].spec[0].host_pid: planned value cty.False for a non-computed attribute
      - .spec[0].template[0].spec[0].volume[0].persistent_volume_claim[0].read_only: planned value cty.False for a non-computed attribute
      - .spec[0].template[0].spec[0].container[0].termination_message_path: planned value cty.StringVal("/dev/termination-log") for a non-computed attribute
      - .spec[0].template[0].spec[0].container[0].tty: planned value cty.False for a non-computed attribute
      - .spec[0].template[0].spec[0].container[0].working_dir: planned value cty.StringVal("") for a non-computed attribute
      - .spec[0].template[0].spec[0].container[0].stdin_once: planned value cty.False for a non-computed attribute
      - .spec[0].template[0].spec[0].container[0].args: planned value cty.ListValEmpty(cty.String) for a non-computed attribute
      - .spec[0].template[0].spec[0].container[0].command: planned value cty.ListValEmpty(cty.String) for a non-computed attribute
      - .spec[0].template[0].spec[0].container[0].stdin: planned value cty.False for a non-computed attribute
      - .spec[0].template[0].spec[0].container[0].resources: block count in plan (1) disagrees with count in config (0)
      - .spec[0].template[0].spec[0].container[0].volume_mount[0].mount_propagation: planned value cty.StringVal("None") for a non-computed attribute
      - .spec[0].template[0].spec[0].container[0].volume_mount[0].read_only: planned value cty.False for a non-computed attribute
      - .spec[0].template[0].spec[0].container[0].volume_mount[0].sub_path: planned value cty.StringVal("") for a non-computed attribute
      - .spec[0].strategy: block count in plan (1) disagrees with count in config (0)
2025-02-09T03:55:51.444+0200 [WARN]  Provider "registry.terraform.io/hashicorp/kubernetes" produced an invalid plan for module.mongodb.kubernetes_deployment.reactory_mongodb, but we are tolerating it because it is using the legacy plugin SDK.
    The following problems may be the cause of any confusing errors from downstream operations:
      - .wait_for_rollout: planned value cty.True for a non-computed attribute
      - .metadata[0].annotations: planned value cty.MapValEmpty(cty.String) for a non-computed attribute
      - .metadata[0].generate_name: planned value cty.StringVal("") for a non-computed attribute
      - .metadata[0].labels: planned value cty.MapValEmpty(cty.String) for a non-computed attribute
      - .spec[0].min_ready_seconds: planned value cty.NumberIntVal(0) for a non-computed attribute
      - .spec[0].paused: planned value cty.False for a non-computed attribute
      - .spec[0].progress_deadline_seconds: planned value cty.NumberIntVal(600) for a non-computed attribute
      - .spec[0].revision_history_limit: planned value cty.NumberIntVal(10) for a non-computed attribute
      - .spec[0].strategy: block count in plan (1) disagrees with count in config (0)
      - .spec[0].template[0].metadata[0].annotations: planned value cty.MapValEmpty(cty.String) for a non-computed attribute
      - .spec[0].template[0].metadata[0].generate_name: planned value cty.StringVal("") for a non-computed attribute
      - .spec[0].template[0].metadata[0].namespace: planned value cty.StringVal("") for a non-computed attribute
      - .spec[0].template[0].spec[0].automount_service_account_token: planned value cty.True for a non-computed attribute
      - .spec[0].template[0].spec[0].share_process_namespace: planned value cty.False for a non-computed attribute
      - .spec[0].template[0].spec[0].host_network: planned value cty.False for a non-computed attribute
      - .spec[0].template[0].spec[0].host_pid: planned value cty.False for a non-computed attribute
      - .spec[0].template[0].spec[0].termination_grace_period_seconds: planned value cty.NumberIntVal(30) for a non-computed attribute
      - .spec[0].template[0].spec[0].node_selector: planned value cty.MapValEmpty(cty.String) for a non-computed attribute
      - .spec[0].template[0].spec[0].priority_class_name: planned value cty.StringVal("") for a non-computed attribute
      - .spec[0].template[0].spec[0].host_ipc: planned value cty.False for a non-computed attribute
      - .spec[0].template[0].spec[0].restart_policy: planned value cty.StringVal("Always") for a non-computed attribute
      - .spec[0].template[0].spec[0].runtime_class_name: planned value cty.StringVal("") for a non-computed attribute
      - .spec[0].template[0].spec[0].subdomain: planned value cty.StringVal("") for a non-computed attribute
      - .spec[0].template[0].spec[0].active_deadline_seconds: planned value cty.NumberIntVal(0) for a non-computed attribute
      - .spec[0].template[0].spec[0].dns_policy: planned value cty.StringVal("ClusterFirst") for a non-computed attribute
      - .spec[0].template[0].spec[0].enable_service_links: planned value cty.True for a non-computed attribute
      - .spec[0].template[0].spec[0].container[0].stdin_once: planned value cty.False for a non-computed attribute
      - .spec[0].template[0].spec[0].container[0].termination_message_path: planned value cty.StringVal("/dev/termination-log") for a non-computed attribute
      - .spec[0].template[0].spec[0].container[0].tty: planned value cty.False for a non-computed attribute
      - .spec[0].template[0].spec[0].container[0].working_dir: planned value cty.StringVal("") for a non-computed attribute
      - .spec[0].template[0].spec[0].container[0].args: planned value cty.ListValEmpty(cty.String) for a non-computed attribute
      - .spec[0].template[0].spec[0].container[0].command: planned value cty.ListValEmpty(cty.String) for a non-computed attribute
      - .spec[0].template[0].spec[0].container[0].stdin: planned value cty.False for a non-computed attribute
      - .spec[0].template[0].spec[0].container[0].resources: block count in plan (1) disagrees with count in config (0)
      - .spec[0].template[0].spec[0].container[0].volume_mount[0].read_only: planned value cty.False for a non-computed attribute
      - .spec[0].template[0].spec[0].container[0].volume_mount[0].sub_path: planned value cty.StringVal("") for a non-computed attribute
      - .spec[0].template[0].spec[0].container[0].volume_mount[0].mount_propagation: planned value cty.StringVal("None") for a non-computed attribute
      - .spec[0].template[0].spec[0].volume[0].persistent_volume_claim[0].read_only: planned value cty.False for a non-computed attribute
2025-02-09T03:55:51.445+0200 [WARN]  Provider "registry.terraform.io/hashicorp/kubernetes" produced an invalid plan for module.redis.kubernetes_deployment.reactory_redis, but we are tolerating it because it is using the legacy plugin SDK.
    The following problems may be the cause of any confusing errors from downstream operations:
      - .wait_for_rollout: planned value cty.True for a non-computed attribute
      - .spec[0].revision_history_limit: planned value cty.NumberIntVal(10) for a non-computed attribute
      - .spec[0].min_ready_seconds: planned value cty.NumberIntVal(0) for a non-computed attribute
      - .spec[0].paused: planned value cty.False for a non-computed attribute
      - .spec[0].progress_deadline_seconds: planned value cty.NumberIntVal(600) for a non-computed attribute
      - .spec[0].strategy: block count in plan (1) disagrees with count in config (0)
      - .spec[0].template[0].metadata[0].namespace: planned value cty.StringVal("") for a non-computed attribute
      - .spec[0].template[0].metadata[0].annotations: planned value cty.MapValEmpty(cty.String) for a non-computed attribute
      - .spec[0].template[0].metadata[0].generate_name: planned value cty.StringVal("") for a non-computed attribute
      - .spec[0].template[0].spec[0].node_selector: planned value cty.MapValEmpty(cty.String) for a non-computed attribute
      - .spec[0].template[0].spec[0].priority_class_name: planned value cty.StringVal("") for a non-computed attribute
      - .spec[0].template[0].spec[0].termination_grace_period_seconds: planned value cty.NumberIntVal(30) for a non-computed attribute
      - .spec[0].template[0].spec[0].restart_policy: planned value cty.StringVal("Always") for a non-computed attribute
      - .spec[0].template[0].spec[0].runtime_class_name: planned value cty.StringVal("") for a non-computed attribute
      - .spec[0].template[0].spec[0].subdomain: planned value cty.StringVal("") for a non-computed attribute
      - .spec[0].template[0].spec[0].active_deadline_seconds: planned value cty.NumberIntVal(0) for a non-computed attribute
      - .spec[0].template[0].spec[0].dns_policy: planned value cty.StringVal("ClusterFirst") for a non-computed attribute
      - .spec[0].template[0].spec[0].enable_service_links: planned value cty.True for a non-computed attribute
      - .spec[0].template[0].spec[0].host_ipc: planned value cty.False for a non-computed attribute
      - .spec[0].template[0].spec[0].automount_service_account_token: planned value cty.True for a non-computed attribute
      - .spec[0].template[0].spec[0].share_process_namespace: planned value cty.False for a non-computed attribute
      - .spec[0].template[0].spec[0].host_network: planned value cty.False for a non-computed attribute
      - .spec[0].template[0].spec[0].host_pid: planned value cty.False for a non-computed attribute
      - .spec[0].template[0].spec[0].volume[0].persistent_volume_claim[0].read_only: planned value cty.False for a non-computed attribute
      - .spec[0].template[0].spec[0].container[0].stdin_once: planned value cty.False for a non-computed attribute
      - .spec[0].template[0].spec[0].container[0].termination_message_path: planned value cty.StringVal("/dev/termination-log") for a non-computed attribute
      - .spec[0].template[0].spec[0].container[0].tty: planned value cty.False for a non-computed attribute
      - .spec[0].template[0].spec[0].container[0].working_dir: planned value cty.StringVal("") for a non-computed attribute
      - .spec[0].template[0].spec[0].container[0].args: planned value cty.ListValEmpty(cty.String) for a non-computed attribute
      - .spec[0].template[0].spec[0].container[0].stdin: planned value cty.False for a non-computed attribute
      - .spec[0].template[0].spec[0].container[0].resources: block count in plan (1) disagrees with count in config (0)
      - .spec[0].template[0].spec[0].container[0].volume_mount[0].mount_propagation: planned value cty.StringVal("None") for a non-computed attribute
      - .spec[0].template[0].spec[0].container[0].volume_mount[0].read_only: planned value cty.False for a non-computed attribute
      - .spec[0].template[0].spec[0].container[0].volume_mount[0].sub_path: planned value cty.StringVal("") for a non-computed attribute
      - .metadata[0].labels: planned value cty.MapValEmpty(cty.String) for a non-computed attribute
      - .metadata[0].annotations: planned value cty.MapValEmpty(cty.String) for a non-computed attribute
      - .metadata[0].generate_name: planned value cty.StringVal("") for a non-computed attribute
2025-02-09T03:55:51.445+0200 [WARN]  Provider "registry.terraform.io/hashicorp/kubernetes" produced an invalid plan for module.express_server.kubernetes_deployment.reactory_express_server, but we are tolerating it because it is using the legacy plugin SDK.
    The following problems may be the cause of any confusing errors from downstream operations:
      - .wait_for_rollout: planned value cty.True for a non-computed attribute
      - .spec[0].progress_deadline_seconds: planned value cty.NumberIntVal(600) for a non-computed attribute
      - .spec[0].revision_history_limit: planned value cty.NumberIntVal(10) for a non-computed attribute
      - .spec[0].min_ready_seconds: planned value cty.NumberIntVal(0) for a non-computed attribute
      - .spec[0].paused: planned value cty.False for a non-computed attribute
      - .spec[0].template[0].metadata[0].generate_name: planned value cty.StringVal("") for a non-computed attribute
      - .spec[0].template[0].metadata[0].namespace: planned value cty.StringVal("") for a non-computed attribute
      - .spec[0].template[0].metadata[0].annotations: planned value cty.MapValEmpty(cty.String) for a non-computed attribute
      - .spec[0].template[0].spec[0].active_deadline_seconds: planned value cty.NumberIntVal(0) for a non-computed attribute
      - .spec[0].template[0].spec[0].dns_policy: planned value cty.StringVal("ClusterFirst") for a non-computed attribute
      - .spec[0].template[0].spec[0].enable_service_links: planned value cty.True for a non-computed attribute
      - .spec[0].template[0].spec[0].host_ipc: planned value cty.False for a non-computed attribute
      - .spec[0].template[0].spec[0].restart_policy: planned value cty.StringVal("Always") for a non-computed attribute
      - .spec[0].template[0].spec[0].runtime_class_name: planned value cty.StringVal("") for a non-computed attribute
      - .spec[0].template[0].spec[0].subdomain: planned value cty.StringVal("") for a non-computed attribute
      - .spec[0].template[0].spec[0].automount_service_account_token: planned value cty.True for a non-computed attribute
      - .spec[0].template[0].spec[0].host_network: planned value cty.False for a non-computed attribute
      - .spec[0].template[0].spec[0].host_pid: planned value cty.False for a non-computed attribute
      - .spec[0].template[0].spec[0].share_process_namespace: planned value cty.False for a non-computed attribute
      - .spec[0].template[0].spec[0].node_selector: planned value cty.MapValEmpty(cty.String) for a non-computed attribute
      - .spec[0].template[0].spec[0].priority_class_name: planned value cty.StringVal("") for a non-computed attribute
      - .spec[0].template[0].spec[0].termination_grace_period_seconds: planned value cty.NumberIntVal(30) for a non-computed attribute
      - .spec[0].template[0].spec[0].container[0].stdin_once: planned value cty.False for a non-computed attribute
      - .spec[0].template[0].spec[0].container[0].termination_message_path: planned value cty.StringVal("/dev/termination-log") for a non-computed attribute
      - .spec[0].template[0].spec[0].container[0].tty: planned value cty.False for a non-computed attribute
      - .spec[0].template[0].spec[0].container[0].working_dir: planned value cty.StringVal("") for a non-computed attribute
      - .spec[0].template[0].spec[0].container[0].args: planned value cty.ListValEmpty(cty.String) for a non-computed attribute
      - .spec[0].template[0].spec[0].container[0].command: planned value cty.ListValEmpty(cty.String) for a non-computed attribute
      - .spec[0].template[0].spec[0].container[0].stdin: planned value cty.False for a non-computed attribute
      - .spec[0].template[0].spec[0].container[0].resources: block count in plan (1) disagrees with count in config (0)
      - .spec[0].template[0].spec[0].volume[0].persistent_volume_claim[0].read_only: planned value cty.False for a non-computed attribute
      - .spec[0].strategy: block count in plan (1) disagrees with count in config (0)
      - .metadata[0].annotations: planned value cty.MapValEmpty(cty.String) for a non-computed attribute
      - .metadata[0].generate_name: planned value cty.StringVal("") for a non-computed attribute
      - .metadata[0].labels: planned value cty.MapValEmpty(cty.String) for a non-computed attribute
2025-02-09T03:55:51.445+0200 [WARN]  Provider "registry.terraform.io/hashicorp/kubernetes" produced an invalid plan for module.postgres.kubernetes_deployment.reactory_postgres, but we are tolerating it because it is using the legacy plugin SDK.
    The following problems may be the cause of any confusing errors from downstream operations:
      - .wait_for_rollout: planned value cty.True for a non-computed attribute
      - .metadata[0].generate_name: planned value cty.StringVal("") for a non-computed attribute
      - .metadata[0].labels: planned value cty.MapValEmpty(cty.String) for a non-computed attribute
      - .metadata[0].annotations: planned value cty.MapValEmpty(cty.String) for a non-computed attribute
      - .spec[0].progress_deadline_seconds: planned value cty.NumberIntVal(600) for a non-computed attribute
      - .spec[0].revision_history_limit: planned value cty.NumberIntVal(10) for a non-computed attribute
      - .spec[0].min_ready_seconds: planned value cty.NumberIntVal(0) for a non-computed attribute
      - .spec[0].paused: planned value cty.False for a non-computed attribute
      - .spec[0].strategy: block count in plan (1) disagrees with count in config (0)
      - .spec[0].template[0].metadata[0].annotations: planned value cty.MapValEmpty(cty.String) for a non-computed attribute
      - .spec[0].template[0].metadata[0].generate_name: planned value cty.StringVal("") for a non-computed attribute
      - .spec[0].template[0].metadata[0].namespace: planned value cty.StringVal("") for a non-computed attribute
      - .spec[0].template[0].spec[0].host_network: planned value cty.False for a non-computed attribute
      - .spec[0].template[0].spec[0].host_pid: planned value cty.False for a non-computed attribute
      - .spec[0].template[0].spec[0].share_process_namespace: planned value cty.False for a non-computed attribute
      - .spec[0].template[0].spec[0].node_selector: planned value cty.MapValEmpty(cty.String) for a non-computed attribute
      - .spec[0].template[0].spec[0].priority_class_name: planned value cty.StringVal("") for a non-computed attribute
      - .spec[0].template[0].spec[0].termination_grace_period_seconds: planned value cty.NumberIntVal(30) for a non-computed attribute
      - .spec[0].template[0].spec[0].active_deadline_seconds: planned value cty.NumberIntVal(0) for a non-computed attribute
      - .spec[0].template[0].spec[0].dns_policy: planned value cty.StringVal("ClusterFirst") for a non-computed attribute
      - .spec[0].template[0].spec[0].enable_service_links: planned value cty.True for a non-computed attribute
      - .spec[0].template[0].spec[0].host_ipc: planned value cty.False for a non-computed attribute
      - .spec[0].template[0].spec[0].restart_policy: planned value cty.StringVal("Always") for a non-computed attribute
      - .spec[0].template[0].spec[0].runtime_class_name: planned value cty.StringVal("") for a non-computed attribute
      - .spec[0].template[0].spec[0].subdomain: planned value cty.StringVal("") for a non-computed attribute
      - .spec[0].template[0].spec[0].automount_service_account_token: planned value cty.True for a non-computed attribute
      - .spec[0].template[0].spec[0].volume[0].persistent_volume_claim[0].read_only: planned value cty.False for a non-computed attribute
      - .spec[0].template[0].spec[0].container[0].stdin_once: planned value cty.False for a non-computed attribute
      - .spec[0].template[0].spec[0].container[0].termination_message_path: planned value cty.StringVal("/dev/termination-log") for a non-computed attribute
      - .spec[0].template[0].spec[0].container[0].tty: planned value cty.False for a non-computed attribute
      - .spec[0].template[0].spec[0].container[0].working_dir: planned value cty.StringVal("") for a non-computed attribute
      - .spec[0].template[0].spec[0].container[0].stdin: planned value cty.False for a non-computed attribute
      - .spec[0].template[0].spec[0].container[0].args: planned value cty.ListValEmpty(cty.String) for a non-computed attribute
      - .spec[0].template[0].spec[0].container[0].command: planned value cty.ListValEmpty(cty.String) for a non-computed attribute
      - .spec[0].template[0].spec[0].container[0].resources: block count in plan (1) disagrees with count in config (0)
      - .spec[0].template[0].spec[0].container[0].volume_mount[0].mount_propagation: planned value cty.StringVal("None") for a non-computed attribute
      - .spec[0].template[0].spec[0].container[0].volume_mount[0].read_only: planned value cty.False for a non-computed attribute
      - .spec[0].template[0].spec[0].container[0].volume_mount[0].sub_path: planned value cty.StringVal("") for a non-computed attribute
2025-02-09T03:55:51.450+0200 [INFO]  provider: plugin process exited: plugin=.terraform/providers/registry.terraform.io/hashicorp/kubernetes/2.35.1/darwin_arm64/terraform-provider-kubernetes_v2.35.1_x5 id=74570
2025-02-09T03:56:34.785+0200 [INFO]  backend/local: apply calling Apply
2025-02-09T03:56:34.807+0200 [INFO]  provider: configuring client automatic mTLS
2025-02-09T03:56:34.848+0200 [INFO]  provider.terraform-provider-kubernetes_v2.35.1_x5: configuring server automatic mTLS: timestamp="2025-02-09T03:56:34.847+0200"
2025-02-09T03:56:34.871+0200 [INFO]  Starting apply for module.prometheus.kubernetes_deployment.reactory_prometheus
2025-02-09T03:56:34.918+0200 [WARN]  Provider "registry.terraform.io/hashicorp/kubernetes" produced an invalid plan for module.prometheus.kubernetes_deployment.reactory_prometheus, but we are tolerating it because it is using the legacy plugin SDK.
    The following problems may be the cause of any confusing errors from downstream operations:
      - .wait_for_rollout: planned value cty.True for a non-computed attribute
      - .spec[0].min_ready_seconds: planned value cty.NumberIntVal(0) for a non-computed attribute
      - .spec[0].paused: planned value cty.False for a non-computed attribute
      - .spec[0].progress_deadline_seconds: planned value cty.NumberIntVal(600) for a non-computed attribute
      - .spec[0].revision_history_limit: planned value cty.NumberIntVal(10) for a non-computed attribute
      - .spec[0].strategy: attribute representing nested block must not be unknown itself; set nested attribute values to unknown instead
      - .spec[0].template[0].spec[0].termination_grace_period_seconds: planned value cty.NumberIntVal(30) for a non-computed attribute
      - .spec[0].template[0].spec[0].host_ipc: planned value cty.False for a non-computed attribute
      - .spec[0].template[0].spec[0].restart_policy: planned value cty.StringVal("Always") for a non-computed attribute
      - .spec[0].template[0].spec[0].dns_policy: planned value cty.StringVal("ClusterFirst") for a non-computed attribute
      - .spec[0].template[0].spec[0].enable_service_links: planned value cty.True for a non-computed attribute
      - .spec[0].template[0].spec[0].automount_service_account_token: planned value cty.True for a non-computed attribute
      - .spec[0].template[0].spec[0].share_process_namespace: planned value cty.False for a non-computed attribute
      - .spec[0].template[0].spec[0].host_network: planned value cty.False for a non-computed attribute
      - .spec[0].template[0].spec[0].host_pid: planned value cty.False for a non-computed attribute
      - .spec[0].template[0].spec[0].readiness_gate: attribute representing nested block must not be unknown itself; set nested attribute values to unknown instead
      - .spec[0].template[0].spec[0].container[0].stdin: planned value cty.False for a non-computed attribute
      - .spec[0].template[0].spec[0].container[0].stdin_once: planned value cty.False for a non-computed attribute
      - .spec[0].template[0].spec[0].container[0].termination_message_path: planned value cty.StringVal("/dev/termination-log") for a non-computed attribute
      - .spec[0].template[0].spec[0].container[0].tty: planned value cty.False for a non-computed attribute
      - .spec[0].template[0].spec[0].container[0].resources: attribute representing nested block must not be unknown itself; set nested attribute values to unknown instead
      - .spec[0].template[0].spec[0].container[0].volume_mount[0].mount_propagation: planned value cty.StringVal("None") for a non-computed attribute
      - .spec[0].template[0].spec[0].container[0].volume_mount[0].read_only: planned value cty.False for a non-computed attribute
      - .spec[0].template[0].spec[0].image_pull_secrets: attribute representing nested block must not be unknown itself; set nested attribute values to unknown instead
2025-02-09T03:56:34.918+0200 [INFO]  Starting apply for module.prometheus.kubernetes_deployment.reactory_prometheus
2025-02-09T04:06:34.946+0200 [ERROR] provider.terraform-provider-kubernetes_v2.35.1_x5: Response contains error diagnostic: diagnostic_severity=ERROR tf_provider_addr=registry.terraform.io/hashicorp/kubernetes tf_req_id=8ab46f98-ff2f-6fe8-378b-c6d3aae75b4b tf_rpc=ApplyResourceChange @module=sdk.proto diagnostic_detail="" diagnostic_summary="Waiting for rollout to finish: 1 replicas wanted; 0 replicas Ready" tf_proto_version=5.7 tf_resource_type=kubernetes_deployment @caller=github.com/hashicorp/terraform-plugin-go@v0.25.0/tfprotov5/internal/diag/diagnostics.go:58 timestamp="2025-02-09T04:06:34.946+0200"
2025-02-09T04:06:34.961+0200 [ERROR] vertex "module.prometheus.kubernetes_deployment.reactory_prometheus" error: Waiting for rollout to finish: 1 replicas wanted; 0 replicas Ready
2025-02-09T04:06:34.975+0200 [INFO]  provider: plugin process exited: plugin=.terraform/providers/registry.terraform.io/hashicorp/kubernetes/2.35.1/darwin_arm64/terraform-provider-kubernetes_v2.35.1_x5 id=74834
