2025-01-18T16:05:12.231+0200 [INFO]  Terraform version: 1.10.3
2025-01-18T16:05:12.231+0200 [INFO]  Go runtime version: go1.23.3
2025-01-18T16:05:12.231+0200 [INFO]  CLI args: []string{"terraform", "-chdir=./config/reactory/terraform/minikube", "apply"}
2025-01-18T16:05:12.232+0200 [INFO]  CLI command args: []string{"apply"}
2025-01-18T16:05:12.265+0200 [INFO]  backend/local: starting Apply operation
2025-01-18T16:05:12.277+0200 [INFO]  provider: configuring client automatic mTLS
2025-01-18T16:05:12.313+0200 [INFO]  provider.terraform-provider-kubernetes_v2.35.1_x5: configuring server automatic mTLS: timestamp="2025-01-18T16:05:12.312+0200"
2025-01-18T16:05:12.369+0200 [INFO]  provider: plugin process exited: plugin=.terraform/providers/registry.terraform.io/hashicorp/kubernetes/2.35.1/darwin_arm64/terraform-provider-kubernetes_v2.35.1_x5 id=91161
2025-01-18T16:05:12.376+0200 [INFO]  provider: configuring client automatic mTLS
2025-01-18T16:05:12.407+0200 [INFO]  provider.terraform-provider-kubernetes_v2.35.1_x5: configuring server automatic mTLS: timestamp="2025-01-18T16:05:12.407+0200"
2025-01-18T16:05:12.435+0200 [INFO]  provider: plugin process exited: plugin=.terraform/providers/registry.terraform.io/hashicorp/kubernetes/2.35.1/darwin_arm64/terraform-provider-kubernetes_v2.35.1_x5 id=91162
2025-01-18T16:05:12.435+0200 [INFO]  backend/local: apply calling Plan
2025-01-18T16:05:12.442+0200 [INFO]  provider: configuring client automatic mTLS
2025-01-18T16:05:12.472+0200 [INFO]  provider.terraform-provider-kubernetes_v2.35.1_x5: configuring server automatic mTLS: timestamp="2025-01-18T16:05:12.472+0200"
2025-01-18T16:05:12.496+0200 [WARN]  Provider "registry.terraform.io/hashicorp/kubernetes" produced an invalid plan for module.express_server.kubernetes_persistent_volume.reactory_data, but we are tolerating it because it is using the legacy plugin SDK.
    The following problems may be the cause of any confusing errors from downstream operations:
      - .spec[0].volume_mode: planned value cty.StringVal("Filesystem") for a non-computed attribute
      - .spec[0].persistent_volume_reclaim_policy: planned value cty.StringVal("Retain") for a non-computed attribute
      - .spec[0].claim_ref: attribute representing nested block must not be unknown itself; set nested attribute values to unknown instead
      - .spec[0].node_affinity: attribute representing nested block must not be unknown itself; set nested attribute values to unknown instead
2025-01-18T16:05:12.528+0200 [WARN]  Provider "registry.terraform.io/hashicorp/kubernetes" produced an invalid plan for kubernetes_namespace.reactory, but we are tolerating it because it is using the legacy plugin SDK.
    The following problems may be the cause of any confusing errors from downstream operations:
      - .wait_for_default_service_account: planned value cty.False for a non-computed attribute
      - .metadata[0].annotations: planned value cty.MapValEmpty(cty.String) for a non-computed attribute
      - .metadata[0].generate_name: planned value cty.StringVal("") for a non-computed attribute
      - .metadata[0].labels: planned value cty.MapValEmpty(cty.String) for a non-computed attribute
2025-01-18T16:05:12.537+0200 [WARN]  Provider "registry.terraform.io/hashicorp/kubernetes" produced an invalid plan for module.mongodb.kubernetes_persistent_volume.mongodb_data, but we are tolerating it because it is using the legacy plugin SDK.
    The following problems may be the cause of any confusing errors from downstream operations:
      - .metadata[0].annotations: planned value cty.MapValEmpty(cty.String) for a non-computed attribute
      - .metadata[0].labels: planned value cty.MapValEmpty(cty.String) for a non-computed attribute
      - .spec[0].mount_options: planned value cty.SetValEmpty(cty.String) for a non-computed attribute
      - .spec[0].persistent_volume_reclaim_policy: planned value cty.StringVal("Retain") for a non-computed attribute
      - .spec[0].storage_class_name: planned value cty.StringVal("") for a non-computed attribute
      - .spec[0].volume_mode: planned value cty.StringVal("Filesystem") for a non-computed attribute
      - .spec[0].persistent_volume_source[0].host_path[0].type: planned value cty.StringVal("") for a non-computed attribute
2025-01-18T16:05:12.539+0200 [WARN]  Provider "registry.terraform.io/hashicorp/kubernetes" produced an invalid plan for module.meilisearch.kubernetes_persistent_volume.meilisearch_data, but we are tolerating it because it is using the legacy plugin SDK.
    The following problems may be the cause of any confusing errors from downstream operations:
      - .metadata[0].labels: planned value cty.MapValEmpty(cty.String) for a non-computed attribute
      - .metadata[0].annotations: planned value cty.MapValEmpty(cty.String) for a non-computed attribute
      - .spec[0].persistent_volume_reclaim_policy: planned value cty.StringVal("Retain") for a non-computed attribute
      - .spec[0].storage_class_name: planned value cty.StringVal("") for a non-computed attribute
      - .spec[0].volume_mode: planned value cty.StringVal("Filesystem") for a non-computed attribute
      - .spec[0].mount_options: planned value cty.SetValEmpty(cty.String) for a non-computed attribute
      - .spec[0].persistent_volume_source[0].host_path[0].type: planned value cty.StringVal("") for a non-computed attribute
2025-01-18T16:05:12.539+0200 [WARN]  Provider "registry.terraform.io/hashicorp/kubernetes" produced an invalid plan for module.redis.kubernetes_persistent_volume.redis_data, but we are tolerating it because it is using the legacy plugin SDK.
    The following problems may be the cause of any confusing errors from downstream operations:
      - .metadata[0].labels: planned value cty.MapValEmpty(cty.String) for a non-computed attribute
      - .metadata[0].annotations: planned value cty.MapValEmpty(cty.String) for a non-computed attribute
      - .spec[0].mount_options: planned value cty.SetValEmpty(cty.String) for a non-computed attribute
      - .spec[0].persistent_volume_reclaim_policy: planned value cty.StringVal("Retain") for a non-computed attribute
      - .spec[0].storage_class_name: planned value cty.StringVal("") for a non-computed attribute
      - .spec[0].volume_mode: planned value cty.StringVal("Filesystem") for a non-computed attribute
      - .spec[0].persistent_volume_source[0].host_path[0].type: planned value cty.StringVal("") for a non-computed attribute
2025-01-18T16:05:12.541+0200 [WARN]  Provider "registry.terraform.io/hashicorp/kubernetes" produced an invalid plan for module.postgres.kubernetes_persistent_volume.postgres_data, but we are tolerating it because it is using the legacy plugin SDK.
    The following problems may be the cause of any confusing errors from downstream operations:
      - .metadata[0].annotations: planned value cty.MapValEmpty(cty.String) for a non-computed attribute
      - .metadata[0].labels: planned value cty.MapValEmpty(cty.String) for a non-computed attribute
      - .spec[0].mount_options: planned value cty.SetValEmpty(cty.String) for a non-computed attribute
      - .spec[0].persistent_volume_reclaim_policy: planned value cty.StringVal("Retain") for a non-computed attribute
      - .spec[0].storage_class_name: planned value cty.StringVal("") for a non-computed attribute
      - .spec[0].volume_mode: planned value cty.StringVal("Filesystem") for a non-computed attribute
      - .spec[0].persistent_volume_source[0].host_path[0].type: planned value cty.StringVal("") for a non-computed attribute
2025-01-18T16:05:12.545+0200 [WARN]  Provider "registry.terraform.io/hashicorp/kubernetes" produced an invalid plan for module.prometheus.kubernetes_service.reactory_prometheus, but we are tolerating it because it is using the legacy plugin SDK.
    The following problems may be the cause of any confusing errors from downstream operations:
      - .wait_for_load_balancer: planned value cty.True for a non-computed attribute
      - .metadata[0].annotations: planned value cty.MapValEmpty(cty.String) for a non-computed attribute
      - .metadata[0].generate_name: planned value cty.StringVal("") for a non-computed attribute
      - .metadata[0].labels: planned value cty.MapValEmpty(cty.String) for a non-computed attribute
      - .spec[0].load_balancer_ip: planned value cty.StringVal("") for a non-computed attribute
      - .spec[0].allocate_load_balancer_node_ports: planned value cty.True for a non-computed attribute
      - .spec[0].external_name: planned value cty.StringVal("") for a non-computed attribute
      - .spec[0].session_affinity: planned value cty.StringVal("None") for a non-computed attribute
      - .spec[0].external_ips: planned value cty.SetValEmpty(cty.String) for a non-computed attribute
      - .spec[0].load_balancer_source_ranges: planned value cty.SetValEmpty(cty.String) for a non-computed attribute
      - .spec[0].publish_not_ready_addresses: planned value cty.False for a non-computed attribute
      - .spec[0].load_balancer_class: planned value cty.StringVal("") for a non-computed attribute
      - .spec[0].port[0].app_protocol: planned value cty.StringVal("") for a non-computed attribute
      - .spec[0].port[0].name: planned value cty.StringVal("") for a non-computed attribute
      - .spec[0].port[0].protocol: planned value cty.StringVal("TCP") for a non-computed attribute
2025-01-18T16:05:12.545+0200 [WARN]  Provider "registry.terraform.io/hashicorp/kubernetes" produced an invalid plan for module.meilisearch.kubernetes_persistent_volume_claim.meilisearch_data, but we are tolerating it because it is using the legacy plugin SDK.
    The following problems may be the cause of any confusing errors from downstream operations:
      - .wait_until_bound: planned value cty.True for a non-computed attribute
      - .metadata[0].annotations: planned value cty.MapValEmpty(cty.String) for a non-computed attribute
      - .metadata[0].generate_name: planned value cty.StringVal("") for a non-computed attribute
      - .metadata[0].labels: planned value cty.MapValEmpty(cty.String) for a non-computed attribute
      - .spec[0].resources[0].limits: planned value cty.MapValEmpty(cty.String) for a non-computed attribute
2025-01-18T16:05:12.546+0200 [WARN]  Provider "registry.terraform.io/hashicorp/kubernetes" produced an invalid plan for module.express_server.kubernetes_persistent_volume_claim.reactory_data, but we are tolerating it because it is using the legacy plugin SDK.
    The following problems may be the cause of any confusing errors from downstream operations:
      - .wait_until_bound: planned value cty.True for a non-computed attribute
2025-01-18T16:05:12.546+0200 [WARN]  Provider "registry.terraform.io/hashicorp/kubernetes" produced an invalid plan for module.grafana.kubernetes_service.reactory_grafana, but we are tolerating it because it is using the legacy plugin SDK.
    The following problems may be the cause of any confusing errors from downstream operations:
      - .wait_for_load_balancer: planned value cty.True for a non-computed attribute
      - .metadata[0].annotations: planned value cty.MapValEmpty(cty.String) for a non-computed attribute
      - .metadata[0].generate_name: planned value cty.StringVal("") for a non-computed attribute
      - .metadata[0].labels: planned value cty.MapValEmpty(cty.String) for a non-computed attribute
      - .spec[0].allocate_load_balancer_node_ports: planned value cty.True for a non-computed attribute
      - .spec[0].load_balancer_ip: planned value cty.StringVal("") for a non-computed attribute
      - .spec[0].external_ips: planned value cty.SetValEmpty(cty.String) for a non-computed attribute
      - .spec[0].external_name: planned value cty.StringVal("") for a non-computed attribute
      - .spec[0].session_affinity: planned value cty.StringVal("None") for a non-computed attribute
      - .spec[0].load_balancer_class: planned value cty.StringVal("") for a non-computed attribute
      - .spec[0].load_balancer_source_ranges: planned value cty.SetValEmpty(cty.String) for a non-computed attribute
      - .spec[0].publish_not_ready_addresses: planned value cty.False for a non-computed attribute
      - .spec[0].port[0].app_protocol: planned value cty.StringVal("") for a non-computed attribute
      - .spec[0].port[0].name: planned value cty.StringVal("") for a non-computed attribute
      - .spec[0].port[0].protocol: planned value cty.StringVal("TCP") for a non-computed attribute
2025-01-18T16:05:12.551+0200 [WARN]  Provider "registry.terraform.io/hashicorp/kubernetes" produced an invalid plan for module.nginx.kubernetes_service.reactory_nginx, but we are tolerating it because it is using the legacy plugin SDK.
    The following problems may be the cause of any confusing errors from downstream operations:
      - .wait_for_load_balancer: planned value cty.True for a non-computed attribute
      - .spec[0].publish_not_ready_addresses: planned value cty.False for a non-computed attribute
      - .spec[0].allocate_load_balancer_node_ports: planned value cty.True for a non-computed attribute
      - .spec[0].session_affinity: planned value cty.StringVal("None") for a non-computed attribute
      - .spec[0].port[0].protocol: planned value cty.StringVal("TCP") for a non-computed attribute
      - .spec[0].session_affinity_config: attribute representing nested block must not be unknown itself; set nested attribute values to unknown instead
2025-01-18T16:05:12.559+0200 [WARN]  Provider "registry.terraform.io/hashicorp/kubernetes" produced an invalid plan for module.redis.kubernetes_persistent_volume_claim.redis_data, but we are tolerating it because it is using the legacy plugin SDK.
    The following problems may be the cause of any confusing errors from downstream operations:
      - .wait_until_bound: planned value cty.True for a non-computed attribute
      - .metadata[0].generate_name: planned value cty.StringVal("") for a non-computed attribute
      - .metadata[0].labels: planned value cty.MapValEmpty(cty.String) for a non-computed attribute
      - .metadata[0].annotations: planned value cty.MapValEmpty(cty.String) for a non-computed attribute
      - .spec[0].resources[0].limits: planned value cty.MapValEmpty(cty.String) for a non-computed attribute
2025-01-18T16:05:12.560+0200 [WARN]  Provider "registry.terraform.io/hashicorp/kubernetes" produced an invalid plan for module.pwa_client.kubernetes_service.reactory_nginx, but we are tolerating it because it is using the legacy plugin SDK.
    The following problems may be the cause of any confusing errors from downstream operations:
      - .wait_for_load_balancer: planned value cty.True for a non-computed attribute
      - .metadata[0].labels: planned value cty.MapValEmpty(cty.String) for a non-computed attribute
      - .metadata[0].annotations: planned value cty.MapValEmpty(cty.String) for a non-computed attribute
      - .metadata[0].generate_name: planned value cty.StringVal("") for a non-computed attribute
      - .spec[0].load_balancer_ip: planned value cty.StringVal("") for a non-computed attribute
      - .spec[0].allocate_load_balancer_node_ports: planned value cty.True for a non-computed attribute
      - .spec[0].external_name: planned value cty.StringVal("") for a non-computed attribute
      - .spec[0].session_affinity: planned value cty.StringVal("None") for a non-computed attribute
      - .spec[0].external_ips: planned value cty.SetValEmpty(cty.String) for a non-computed attribute
      - .spec[0].load_balancer_source_ranges: planned value cty.SetValEmpty(cty.String) for a non-computed attribute
      - .spec[0].publish_not_ready_addresses: planned value cty.False for a non-computed attribute
      - .spec[0].load_balancer_class: planned value cty.StringVal("") for a non-computed attribute
      - .spec[0].port[0].app_protocol: planned value cty.StringVal("") for a non-computed attribute
      - .spec[0].port[0].name: planned value cty.StringVal("") for a non-computed attribute
      - .spec[0].port[0].protocol: planned value cty.StringVal("TCP") for a non-computed attribute
2025-01-18T16:05:12.563+0200 [WARN]  Provider "registry.terraform.io/hashicorp/kubernetes" produced an invalid plan for module.express_server.kubernetes_service.reactory_express_server, but we are tolerating it because it is using the legacy plugin SDK.
    The following problems may be the cause of any confusing errors from downstream operations:
      - .wait_for_load_balancer: planned value cty.True for a non-computed attribute
      - .metadata[0].generate_name: planned value cty.StringVal("") for a non-computed attribute
      - .metadata[0].labels: planned value cty.MapValEmpty(cty.String) for a non-computed attribute
      - .metadata[0].annotations: planned value cty.MapValEmpty(cty.String) for a non-computed attribute
      - .spec[0].allocate_load_balancer_node_ports: planned value cty.True for a non-computed attribute
      - .spec[0].load_balancer_ip: planned value cty.StringVal("") for a non-computed attribute
      - .spec[0].external_ips: planned value cty.SetValEmpty(cty.String) for a non-computed attribute
      - .spec[0].external_name: planned value cty.StringVal("") for a non-computed attribute
      - .spec[0].session_affinity: planned value cty.StringVal("None") for a non-computed attribute
      - .spec[0].load_balancer_class: planned value cty.StringVal("") for a non-computed attribute
      - .spec[0].load_balancer_source_ranges: planned value cty.SetValEmpty(cty.String) for a non-computed attribute
      - .spec[0].publish_not_ready_addresses: planned value cty.False for a non-computed attribute
      - .spec[0].port[0].protocol: planned value cty.StringVal("TCP") for a non-computed attribute
      - .spec[0].port[0].app_protocol: planned value cty.StringVal("") for a non-computed attribute
      - .spec[0].port[0].name: planned value cty.StringVal("") for a non-computed attribute
2025-01-18T16:05:12.568+0200 [WARN]  Provider "registry.terraform.io/hashicorp/kubernetes" produced an invalid plan for module.mongodb.kubernetes_persistent_volume_claim.mongodb_data, but we are tolerating it because it is using the legacy plugin SDK.
    The following problems may be the cause of any confusing errors from downstream operations:
      - .wait_until_bound: planned value cty.True for a non-computed attribute
      - .metadata[0].annotations: planned value cty.MapValEmpty(cty.String) for a non-computed attribute
      - .metadata[0].generate_name: planned value cty.StringVal("") for a non-computed attribute
      - .metadata[0].labels: planned value cty.MapValEmpty(cty.String) for a non-computed attribute
      - .spec[0].resources[0].limits: planned value cty.MapValEmpty(cty.String) for a non-computed attribute
2025-01-18T16:05:12.568+0200 [WARN]  Provider "registry.terraform.io/hashicorp/kubernetes" produced an invalid plan for module.jaeger.kubernetes_service.reactory_jaeger, but we are tolerating it because it is using the legacy plugin SDK.
    The following problems may be the cause of any confusing errors from downstream operations:
      - .wait_for_load_balancer: planned value cty.True for a non-computed attribute
      - .metadata[0].generate_name: planned value cty.StringVal("") for a non-computed attribute
      - .metadata[0].labels: planned value cty.MapValEmpty(cty.String) for a non-computed attribute
      - .metadata[0].annotations: planned value cty.MapValEmpty(cty.String) for a non-computed attribute
      - .spec[0].allocate_load_balancer_node_ports: planned value cty.True for a non-computed attribute
      - .spec[0].load_balancer_ip: planned value cty.StringVal("") for a non-computed attribute
      - .spec[0].external_ips: planned value cty.SetValEmpty(cty.String) for a non-computed attribute
      - .spec[0].external_name: planned value cty.StringVal("") for a non-computed attribute
      - .spec[0].session_affinity: planned value cty.StringVal("None") for a non-computed attribute
      - .spec[0].load_balancer_class: planned value cty.StringVal("") for a non-computed attribute
      - .spec[0].load_balancer_source_ranges: planned value cty.SetValEmpty(cty.String) for a non-computed attribute
      - .spec[0].publish_not_ready_addresses: planned value cty.False for a non-computed attribute
      - .spec[0].port[0].protocol: planned value cty.StringVal("TCP") for a non-computed attribute
      - .spec[0].port[0].app_protocol: planned value cty.StringVal("") for a non-computed attribute
      - .spec[0].port[1].protocol: planned value cty.StringVal("TCP") for a non-computed attribute
      - .spec[0].port[1].app_protocol: planned value cty.StringVal("") for a non-computed attribute
2025-01-18T16:05:12.574+0200 [WARN]  Provider "registry.terraform.io/hashicorp/kubernetes" produced an invalid plan for module.pwa_client.kubernetes_deployment.reactory_pwa_client, but we are tolerating it because it is using the legacy plugin SDK.
    The following problems may be the cause of any confusing errors from downstream operations:
      - .wait_for_rollout: planned value cty.True for a non-computed attribute
      - .metadata[0].annotations: planned value cty.MapValEmpty(cty.String) for a non-computed attribute
      - .metadata[0].generate_name: planned value cty.StringVal("") for a non-computed attribute
      - .metadata[0].labels: planned value cty.MapValEmpty(cty.String) for a non-computed attribute
      - .spec[0].min_ready_seconds: planned value cty.NumberIntVal(0) for a non-computed attribute
      - .spec[0].paused: planned value cty.False for a non-computed attribute
      - .spec[0].progress_deadline_seconds: planned value cty.NumberIntVal(600) for a non-computed attribute
      - .spec[0].revision_history_limit: planned value cty.NumberIntVal(10) for a non-computed attribute
      - .spec[0].strategy: block count in plan (1) disagrees with count in config (0)
      - .spec[0].template[0].metadata[0].namespace: planned value cty.StringVal("") for a non-computed attribute
      - .spec[0].template[0].metadata[0].annotations: planned value cty.MapValEmpty(cty.String) for a non-computed attribute
      - .spec[0].template[0].metadata[0].generate_name: planned value cty.StringVal("") for a non-computed attribute
      - .spec[0].template[0].spec[0].priority_class_name: planned value cty.StringVal("") for a non-computed attribute
      - .spec[0].template[0].spec[0].runtime_class_name: planned value cty.StringVal("") for a non-computed attribute
      - .spec[0].template[0].spec[0].termination_grace_period_seconds: planned value cty.NumberIntVal(30) for a non-computed attribute
      - .spec[0].template[0].spec[0].enable_service_links: planned value cty.True for a non-computed attribute
      - .spec[0].template[0].spec[0].host_network: planned value cty.False for a non-computed attribute
      - .spec[0].template[0].spec[0].share_process_namespace: planned value cty.False for a non-computed attribute
      - .spec[0].template[0].spec[0].automount_service_account_token: planned value cty.True for a non-computed attribute
      - .spec[0].template[0].spec[0].host_ipc: planned value cty.False for a non-computed attribute
      - .spec[0].template[0].spec[0].dns_policy: planned value cty.StringVal("ClusterFirst") for a non-computed attribute
      - .spec[0].template[0].spec[0].host_pid: planned value cty.False for a non-computed attribute
      - .spec[0].template[0].spec[0].node_selector: planned value cty.MapValEmpty(cty.String) for a non-computed attribute
      - .spec[0].template[0].spec[0].restart_policy: planned value cty.StringVal("Always") for a non-computed attribute
      - .spec[0].template[0].spec[0].subdomain: planned value cty.StringVal("") for a non-computed attribute
      - .spec[0].template[0].spec[0].active_deadline_seconds: planned value cty.NumberIntVal(0) for a non-computed attribute
      - .spec[0].template[0].spec[0].container[0].stdin_once: planned value cty.False for a non-computed attribute
      - .spec[0].template[0].spec[0].container[0].termination_message_path: planned value cty.StringVal("/dev/termination-log") for a non-computed attribute
      - .spec[0].template[0].spec[0].container[0].stdin: planned value cty.False for a non-computed attribute
      - .spec[0].template[0].spec[0].container[0].tty: planned value cty.False for a non-computed attribute
      - .spec[0].template[0].spec[0].container[0].working_dir: planned value cty.StringVal("") for a non-computed attribute
      - .spec[0].template[0].spec[0].container[0].args: planned value cty.ListValEmpty(cty.String) for a non-computed attribute
      - .spec[0].template[0].spec[0].container[0].command: planned value cty.ListValEmpty(cty.String) for a non-computed attribute
      - .spec[0].template[0].spec[0].container[0].port[0].host_ip: planned value cty.StringVal("") for a non-computed attribute
      - .spec[0].template[0].spec[0].container[0].port[0].host_port: planned value cty.NumberIntVal(0) for a non-computed attribute
      - .spec[0].template[0].spec[0].container[0].port[0].name: planned value cty.StringVal("") for a non-computed attribute
      - .spec[0].template[0].spec[0].container[0].port[0].protocol: planned value cty.StringVal("TCP") for a non-computed attribute
      - .spec[0].template[0].spec[0].container[0].resources: block count in plan (1) disagrees with count in config (0)
2025-01-18T16:05:12.575+0200 [WARN]  Provider "registry.terraform.io/hashicorp/kubernetes" produced an invalid plan for module.postgres.kubernetes_persistent_volume_claim.postgres_data, but we are tolerating it because it is using the legacy plugin SDK.
    The following problems may be the cause of any confusing errors from downstream operations:
      - .wait_until_bound: planned value cty.True for a non-computed attribute
      - .metadata[0].annotations: planned value cty.MapValEmpty(cty.String) for a non-computed attribute
      - .metadata[0].generate_name: planned value cty.StringVal("") for a non-computed attribute
      - .metadata[0].labels: planned value cty.MapValEmpty(cty.String) for a non-computed attribute
      - .spec[0].resources[0].limits: planned value cty.MapValEmpty(cty.String) for a non-computed attribute
2025-01-18T16:05:12.580+0200 [WARN]  Provider "registry.terraform.io/hashicorp/kubernetes" produced an invalid plan for module.nginx.kubernetes_deployment.reactory_nginx, but we are tolerating it because it is using the legacy plugin SDK.
    The following problems may be the cause of any confusing errors from downstream operations:
      - .wait_for_rollout: planned value cty.True for a non-computed attribute
      - .metadata[0].annotations: planned value cty.MapValEmpty(cty.String) for a non-computed attribute
      - .metadata[0].generate_name: planned value cty.StringVal("") for a non-computed attribute
      - .metadata[0].labels: planned value cty.MapValEmpty(cty.String) for a non-computed attribute
      - .spec[0].min_ready_seconds: planned value cty.NumberIntVal(0) for a non-computed attribute
      - .spec[0].paused: planned value cty.False for a non-computed attribute
      - .spec[0].progress_deadline_seconds: planned value cty.NumberIntVal(600) for a non-computed attribute
      - .spec[0].revision_history_limit: planned value cty.NumberIntVal(10) for a non-computed attribute
      - .spec[0].strategy: block count in plan (1) disagrees with count in config (0)
      - .spec[0].template[0].metadata[0].namespace: planned value cty.StringVal("") for a non-computed attribute
      - .spec[0].template[0].metadata[0].annotations: planned value cty.MapValEmpty(cty.String) for a non-computed attribute
      - .spec[0].template[0].metadata[0].generate_name: planned value cty.StringVal("") for a non-computed attribute
      - .spec[0].template[0].spec[0].active_deadline_seconds: planned value cty.NumberIntVal(0) for a non-computed attribute
      - .spec[0].template[0].spec[0].host_pid: planned value cty.False for a non-computed attribute
      - .spec[0].template[0].spec[0].node_selector: planned value cty.MapValEmpty(cty.String) for a non-computed attribute
      - .spec[0].template[0].spec[0].restart_policy: planned value cty.StringVal("Always") for a non-computed attribute
      - .spec[0].template[0].spec[0].subdomain: planned value cty.StringVal("") for a non-computed attribute
      - .spec[0].template[0].spec[0].enable_service_links: planned value cty.True for a non-computed attribute
      - .spec[0].template[0].spec[0].priority_class_name: planned value cty.StringVal("") for a non-computed attribute
      - .spec[0].template[0].spec[0].runtime_class_name: planned value cty.StringVal("") for a non-computed attribute
      - .spec[0].template[0].spec[0].termination_grace_period_seconds: planned value cty.NumberIntVal(30) for a non-computed attribute
      - .spec[0].template[0].spec[0].automount_service_account_token: planned value cty.True for a non-computed attribute
      - .spec[0].template[0].spec[0].host_network: planned value cty.False for a non-computed attribute
      - .spec[0].template[0].spec[0].share_process_namespace: planned value cty.False for a non-computed attribute
      - .spec[0].template[0].spec[0].dns_policy: planned value cty.StringVal("ClusterFirst") for a non-computed attribute
      - .spec[0].template[0].spec[0].host_ipc: planned value cty.False for a non-computed attribute
      - .spec[0].template[0].spec[0].container[0].stdin_once: planned value cty.False for a non-computed attribute
      - .spec[0].template[0].spec[0].container[0].termination_message_path: planned value cty.StringVal("/dev/termination-log") for a non-computed attribute
      - .spec[0].template[0].spec[0].container[0].stdin: planned value cty.False for a non-computed attribute
      - .spec[0].template[0].spec[0].container[0].tty: planned value cty.False for a non-computed attribute
      - .spec[0].template[0].spec[0].container[0].working_dir: planned value cty.StringVal("") for a non-computed attribute
      - .spec[0].template[0].spec[0].container[0].args: planned value cty.ListValEmpty(cty.String) for a non-computed attribute
      - .spec[0].template[0].spec[0].container[0].command: planned value cty.ListValEmpty(cty.String) for a non-computed attribute
      - .spec[0].template[0].spec[0].container[0].resources: block count in plan (1) disagrees with count in config (0)
      - .spec[0].template[0].spec[0].container[0].port[0].host_ip: planned value cty.StringVal("") for a non-computed attribute
      - .spec[0].template[0].spec[0].container[0].port[0].host_port: planned value cty.NumberIntVal(0) for a non-computed attribute
      - .spec[0].template[0].spec[0].container[0].port[0].name: planned value cty.StringVal("") for a non-computed attribute
      - .spec[0].template[0].spec[0].container[0].port[0].protocol: planned value cty.StringVal("TCP") for a non-computed attribute
2025-01-18T16:05:12.588+0200 [WARN]  Provider "registry.terraform.io/hashicorp/kubernetes" produced an invalid plan for module.grafana.kubernetes_deployment.reactory_grafana, but we are tolerating it because it is using the legacy plugin SDK.
    The following problems may be the cause of any confusing errors from downstream operations:
      - .wait_for_rollout: planned value cty.True for a non-computed attribute
      - .metadata[0].generate_name: planned value cty.StringVal("") for a non-computed attribute
      - .metadata[0].labels: planned value cty.MapValEmpty(cty.String) for a non-computed attribute
      - .metadata[0].annotations: planned value cty.MapValEmpty(cty.String) for a non-computed attribute
      - .spec[0].min_ready_seconds: planned value cty.NumberIntVal(0) for a non-computed attribute
      - .spec[0].paused: planned value cty.False for a non-computed attribute
      - .spec[0].progress_deadline_seconds: planned value cty.NumberIntVal(600) for a non-computed attribute
      - .spec[0].revision_history_limit: planned value cty.NumberIntVal(10) for a non-computed attribute
      - .spec[0].strategy: block count in plan (1) disagrees with count in config (0)
      - .spec[0].template[0].metadata[0].generate_name: planned value cty.StringVal("") for a non-computed attribute
      - .spec[0].template[0].metadata[0].namespace: planned value cty.StringVal("") for a non-computed attribute
      - .spec[0].template[0].metadata[0].annotations: planned value cty.MapValEmpty(cty.String) for a non-computed attribute
      - .spec[0].template[0].spec[0].share_process_namespace: planned value cty.False for a non-computed attribute
      - .spec[0].template[0].spec[0].automount_service_account_token: planned value cty.True for a non-computed attribute
      - .spec[0].template[0].spec[0].host_network: planned value cty.False for a non-computed attribute
      - .spec[0].template[0].spec[0].dns_policy: planned value cty.StringVal("ClusterFirst") for a non-computed attribute
      - .spec[0].template[0].spec[0].host_ipc: planned value cty.False for a non-computed attribute
      - .spec[0].template[0].spec[0].node_selector: planned value cty.MapValEmpty(cty.String) for a non-computed attribute
      - .spec[0].template[0].spec[0].restart_policy: planned value cty.StringVal("Always") for a non-computed attribute
      - .spec[0].template[0].spec[0].subdomain: planned value cty.StringVal("") for a non-computed attribute
      - .spec[0].template[0].spec[0].active_deadline_seconds: planned value cty.NumberIntVal(0) for a non-computed attribute
      - .spec[0].template[0].spec[0].host_pid: planned value cty.False for a non-computed attribute
      - .spec[0].template[0].spec[0].runtime_class_name: planned value cty.StringVal("") for a non-computed attribute
      - .spec[0].template[0].spec[0].termination_grace_period_seconds: planned value cty.NumberIntVal(30) for a non-computed attribute
      - .spec[0].template[0].spec[0].enable_service_links: planned value cty.True for a non-computed attribute
      - .spec[0].template[0].spec[0].priority_class_name: planned value cty.StringVal("") for a non-computed attribute
      - .spec[0].template[0].spec[0].volume[0].host_path[0].type: planned value cty.StringVal("") for a non-computed attribute
      - .spec[0].template[0].spec[0].volume[1].host_path[0].type: planned value cty.StringVal("") for a non-computed attribute
      - .spec[0].template[0].spec[0].container[0].stdin: planned value cty.False for a non-computed attribute
      - .spec[0].template[0].spec[0].container[0].tty: planned value cty.False for a non-computed attribute
      - .spec[0].template[0].spec[0].container[0].working_dir: planned value cty.StringVal("") for a non-computed attribute
      - .spec[0].template[0].spec[0].container[0].args: planned value cty.ListValEmpty(cty.String) for a non-computed attribute
      - .spec[0].template[0].spec[0].container[0].command: planned value cty.ListValEmpty(cty.String) for a non-computed attribute
      - .spec[0].template[0].spec[0].container[0].stdin_once: planned value cty.False for a non-computed attribute
      - .spec[0].template[0].spec[0].container[0].termination_message_path: planned value cty.StringVal("/dev/termination-log") for a non-computed attribute
      - .spec[0].template[0].spec[0].container[0].volume_mount[0].mount_propagation: planned value cty.StringVal("None") for a non-computed attribute
      - .spec[0].template[0].spec[0].container[0].volume_mount[0].read_only: planned value cty.False for a non-computed attribute
      - .spec[0].template[0].spec[0].container[0].volume_mount[0].sub_path: planned value cty.StringVal("") for a non-computed attribute
      - .spec[0].template[0].spec[0].container[0].volume_mount[1].mount_propagation: planned value cty.StringVal("None") for a non-computed attribute
      - .spec[0].template[0].spec[0].container[0].volume_mount[1].read_only: planned value cty.False for a non-computed attribute
      - .spec[0].template[0].spec[0].container[0].volume_mount[1].sub_path: planned value cty.StringVal("") for a non-computed attribute
      - .spec[0].template[0].spec[0].container[0].resources: block count in plan (1) disagrees with count in config (0)
2025-01-18T16:05:12.595+0200 [WARN]  Provider "registry.terraform.io/hashicorp/kubernetes" produced an unexpected new value for module.express_server.kubernetes_deployment.reactory_express_server during refresh.
      - .metadata[0].resource_version: was cty.StringVal(""), but now cty.StringVal("287849")
      - .metadata[0].uid: was cty.StringVal(""), but now cty.StringVal("2e4e7e60-5a44-4b97-b9a7-c1af4b2638e4")
      - .metadata[0].annotations: was null, but now cty.MapValEmpty(cty.String)
      - .metadata[0].generation: was cty.NumberIntVal(0), but now cty.NumberIntVal(1)
      - .metadata[0].labels: was null, but now cty.MapValEmpty(cty.String)
      - .spec[0].strategy: block count changed from 0 to 1
      - .spec[0].template[0].metadata[0].annotations: was null, but now cty.MapValEmpty(cty.String)
      - .spec[0].template[0].spec[0].node_selector: was null, but now cty.MapValEmpty(cty.String)
      - .spec[0].template[0].spec[0].scheduler_name: was cty.StringVal(""), but now cty.StringVal("default-scheduler")
      - .spec[0].template[0].spec[0].container[0].image_pull_policy: was cty.StringVal(""), but now cty.StringVal("IfNotPresent")
      - .spec[0].template[0].spec[0].container[0].args: was null, but now cty.ListValEmpty(cty.String)
      - .spec[0].template[0].spec[0].container[0].termination_message_policy: was cty.StringVal(""), but now cty.StringVal("File")
      - .spec[0].template[0].spec[0].container[0].resources: block count changed from 0 to 1
2025-01-18T16:05:12.596+0200 [WARN]  Provider "registry.terraform.io/hashicorp/kubernetes" produced an invalid plan for module.jaeger.kubernetes_deployment.reactory_jaeger, but we are tolerating it because it is using the legacy plugin SDK.
    The following problems may be the cause of any confusing errors from downstream operations:
      - .wait_for_rollout: planned value cty.True for a non-computed attribute
      - .metadata[0].generate_name: planned value cty.StringVal("") for a non-computed attribute
      - .metadata[0].labels: planned value cty.MapValEmpty(cty.String) for a non-computed attribute
      - .metadata[0].annotations: planned value cty.MapValEmpty(cty.String) for a non-computed attribute
      - .spec[0].revision_history_limit: planned value cty.NumberIntVal(10) for a non-computed attribute
      - .spec[0].min_ready_seconds: planned value cty.NumberIntVal(0) for a non-computed attribute
      - .spec[0].paused: planned value cty.False for a non-computed attribute
      - .spec[0].progress_deadline_seconds: planned value cty.NumberIntVal(600) for a non-computed attribute
      - .spec[0].strategy: block count in plan (1) disagrees with count in config (0)
      - .spec[0].template[0].metadata[0].namespace: planned value cty.StringVal("") for a non-computed attribute
      - .spec[0].template[0].metadata[0].annotations: planned value cty.MapValEmpty(cty.String) for a non-computed attribute
      - .spec[0].template[0].metadata[0].generate_name: planned value cty.StringVal("") for a non-computed attribute
      - .spec[0].template[0].spec[0].automount_service_account_token: planned value cty.True for a non-computed attribute
      - .spec[0].template[0].spec[0].host_network: planned value cty.False for a non-computed attribute
      - .spec[0].template[0].spec[0].share_process_namespace: planned value cty.False for a non-computed attribute
      - .spec[0].template[0].spec[0].dns_policy: planned value cty.StringVal("ClusterFirst") for a non-computed attribute
      - .spec[0].template[0].spec[0].host_ipc: planned value cty.False for a non-computed attribute
      - .spec[0].template[0].spec[0].active_deadline_seconds: planned value cty.NumberIntVal(0) for a non-computed attribute
      - .spec[0].template[0].spec[0].host_pid: planned value cty.False for a non-computed attribute
      - .spec[0].template[0].spec[0].node_selector: planned value cty.MapValEmpty(cty.String) for a non-computed attribute
      - .spec[0].template[0].spec[0].restart_policy: planned value cty.StringVal("Always") for a non-computed attribute
      - .spec[0].template[0].spec[0].subdomain: planned value cty.StringVal("") for a non-computed attribute
      - .spec[0].template[0].spec[0].enable_service_links: planned value cty.True for a non-computed attribute
      - .spec[0].template[0].spec[0].priority_class_name: planned value cty.StringVal("") for a non-computed attribute
      - .spec[0].template[0].spec[0].runtime_class_name: planned value cty.StringVal("") for a non-computed attribute
      - .spec[0].template[0].spec[0].termination_grace_period_seconds: planned value cty.NumberIntVal(30) for a non-computed attribute
      - .spec[0].template[0].spec[0].container[0].stdin_once: planned value cty.False for a non-computed attribute
      - .spec[0].template[0].spec[0].container[0].termination_message_path: planned value cty.StringVal("/dev/termination-log") for a non-computed attribute
      - .spec[0].template[0].spec[0].container[0].stdin: planned value cty.False for a non-computed attribute
      - .spec[0].template[0].spec[0].container[0].tty: planned value cty.False for a non-computed attribute
      - .spec[0].template[0].spec[0].container[0].working_dir: planned value cty.StringVal("") for a non-computed attribute
      - .spec[0].template[0].spec[0].container[0].args: planned value cty.ListValEmpty(cty.String) for a non-computed attribute
      - .spec[0].template[0].spec[0].container[0].command: planned value cty.ListValEmpty(cty.String) for a non-computed attribute
      - .spec[0].template[0].spec[0].container[0].port[0].host_ip: planned value cty.StringVal("") for a non-computed attribute
      - .spec[0].template[0].spec[0].container[0].port[0].host_port: planned value cty.NumberIntVal(0) for a non-computed attribute
      - .spec[0].template[0].spec[0].container[0].port[0].name: planned value cty.StringVal("") for a non-computed attribute
      - .spec[0].template[0].spec[0].container[0].port[0].protocol: planned value cty.StringVal("TCP") for a non-computed attribute
      - .spec[0].template[0].spec[0].container[0].port[1].host_ip: planned value cty.StringVal("") for a non-computed attribute
      - .spec[0].template[0].spec[0].container[0].port[1].host_port: planned value cty.NumberIntVal(0) for a non-computed attribute
      - .spec[0].template[0].spec[0].container[0].port[1].name: planned value cty.StringVal("") for a non-computed attribute
      - .spec[0].template[0].spec[0].container[0].port[1].protocol: planned value cty.StringVal("TCP") for a non-computed attribute
      - .spec[0].template[0].spec[0].container[0].resources: block count in plan (1) disagrees with count in config (0)
2025-01-18T16:05:12.600+0200 [WARN]  Provider "registry.terraform.io/hashicorp/kubernetes" produced an invalid plan for module.prometheus.kubernetes_deployment.reactory_prometheus, but we are tolerating it because it is using the legacy plugin SDK.
    The following problems may be the cause of any confusing errors from downstream operations:
      - .wait_for_rollout: planned value cty.True for a non-computed attribute
      - .spec[0].min_ready_seconds: planned value cty.NumberIntVal(0) for a non-computed attribute
      - .spec[0].paused: planned value cty.False for a non-computed attribute
      - .spec[0].progress_deadline_seconds: planned value cty.NumberIntVal(600) for a non-computed attribute
      - .spec[0].revision_history_limit: planned value cty.NumberIntVal(10) for a non-computed attribute
      - .spec[0].strategy: block count in plan (1) disagrees with count in config (0)
      - .spec[0].template[0].metadata[0].annotations: planned value cty.MapValEmpty(cty.String) for a non-computed attribute
      - .spec[0].template[0].metadata[0].generate_name: planned value cty.StringVal("") for a non-computed attribute
      - .spec[0].template[0].metadata[0].namespace: planned value cty.StringVal("") for a non-computed attribute
      - .spec[0].template[0].spec[0].active_deadline_seconds: planned value cty.NumberIntVal(0) for a non-computed attribute
      - .spec[0].template[0].spec[0].host_pid: planned value cty.False for a non-computed attribute
      - .spec[0].template[0].spec[0].node_selector: planned value cty.MapValEmpty(cty.String) for a non-computed attribute
      - .spec[0].template[0].spec[0].restart_policy: planned value cty.StringVal("Always") for a non-computed attribute
      - .spec[0].template[0].spec[0].subdomain: planned value cty.StringVal("") for a non-computed attribute
      - .spec[0].template[0].spec[0].termination_grace_period_seconds: planned value cty.NumberIntVal(30) for a non-computed attribute
      - .spec[0].template[0].spec[0].enable_service_links: planned value cty.True for a non-computed attribute
      - .spec[0].template[0].spec[0].priority_class_name: planned value cty.StringVal("") for a non-computed attribute
      - .spec[0].template[0].spec[0].runtime_class_name: planned value cty.StringVal("") for a non-computed attribute
      - .spec[0].template[0].spec[0].automount_service_account_token: planned value cty.True for a non-computed attribute
      - .spec[0].template[0].spec[0].host_network: planned value cty.False for a non-computed attribute
      - .spec[0].template[0].spec[0].share_process_namespace: planned value cty.False for a non-computed attribute
      - .spec[0].template[0].spec[0].dns_policy: planned value cty.StringVal("ClusterFirst") for a non-computed attribute
      - .spec[0].template[0].spec[0].host_ipc: planned value cty.False for a non-computed attribute
      - .spec[0].template[0].spec[0].container[0].working_dir: planned value cty.StringVal("") for a non-computed attribute
      - .spec[0].template[0].spec[0].container[0].args: planned value cty.ListValEmpty(cty.String) for a non-computed attribute
      - .spec[0].template[0].spec[0].container[0].command: planned value cty.ListValEmpty(cty.String) for a non-computed attribute
      - .spec[0].template[0].spec[0].container[0].stdin: planned value cty.False for a non-computed attribute
      - .spec[0].template[0].spec[0].container[0].tty: planned value cty.False for a non-computed attribute
      - .spec[0].template[0].spec[0].container[0].stdin_once: planned value cty.False for a non-computed attribute
      - .spec[0].template[0].spec[0].container[0].termination_message_path: planned value cty.StringVal("/dev/termination-log") for a non-computed attribute
      - .spec[0].template[0].spec[0].container[0].resources: block count in plan (1) disagrees with count in config (0)
      - .spec[0].template[0].spec[0].container[0].volume_mount[0].mount_propagation: planned value cty.StringVal("None") for a non-computed attribute
      - .spec[0].template[0].spec[0].container[0].volume_mount[0].read_only: planned value cty.False for a non-computed attribute
      - .metadata[0].labels: planned value cty.MapValEmpty(cty.String) for a non-computed attribute
      - .metadata[0].annotations: planned value cty.MapValEmpty(cty.String) for a non-computed attribute
      - .metadata[0].generate_name: planned value cty.StringVal("") for a non-computed attribute
2025-01-18T16:05:12.614+0200 [WARN]  Provider "registry.terraform.io/hashicorp/kubernetes" produced an invalid plan for module.redis.kubernetes_deployment.reactory_redis, but we are tolerating it because it is using the legacy plugin SDK.
    The following problems may be the cause of any confusing errors from downstream operations:
      - .wait_for_rollout: planned value cty.True for a non-computed attribute
      - .metadata[0].labels: planned value cty.MapValEmpty(cty.String) for a non-computed attribute
      - .metadata[0].annotations: planned value cty.MapValEmpty(cty.String) for a non-computed attribute
      - .metadata[0].generate_name: planned value cty.StringVal("") for a non-computed attribute
      - .spec[0].min_ready_seconds: planned value cty.NumberIntVal(0) for a non-computed attribute
      - .spec[0].paused: planned value cty.False for a non-computed attribute
      - .spec[0].progress_deadline_seconds: planned value cty.NumberIntVal(600) for a non-computed attribute
      - .spec[0].revision_history_limit: planned value cty.NumberIntVal(10) for a non-computed attribute
      - .spec[0].strategy: block count in plan (1) disagrees with count in config (0)
      - .spec[0].template[0].metadata[0].namespace: planned value cty.StringVal("") for a non-computed attribute
      - .spec[0].template[0].metadata[0].annotations: planned value cty.MapValEmpty(cty.String) for a non-computed attribute
      - .spec[0].template[0].metadata[0].generate_name: planned value cty.StringVal("") for a non-computed attribute
      - .spec[0].template[0].spec[0].enable_service_links: planned value cty.True for a non-computed attribute
      - .spec[0].template[0].spec[0].priority_class_name: planned value cty.StringVal("") for a non-computed attribute
      - .spec[0].template[0].spec[0].runtime_class_name: planned value cty.StringVal("") for a non-computed attribute
      - .spec[0].template[0].spec[0].termination_grace_period_seconds: planned value cty.NumberIntVal(30) for a non-computed attribute
      - .spec[0].template[0].spec[0].automount_service_account_token: planned value cty.True for a non-computed attribute
      - .spec[0].template[0].spec[0].host_network: planned value cty.False for a non-computed attribute
      - .spec[0].template[0].spec[0].share_process_namespace: planned value cty.False for a non-computed attribute
      - .spec[0].template[0].spec[0].dns_policy: planned value cty.StringVal("ClusterFirst") for a non-computed attribute
      - .spec[0].template[0].spec[0].host_ipc: planned value cty.False for a non-computed attribute
      - .spec[0].template[0].spec[0].active_deadline_seconds: planned value cty.NumberIntVal(0) for a non-computed attribute
      - .spec[0].template[0].spec[0].host_pid: planned value cty.False for a non-computed attribute
      - .spec[0].template[0].spec[0].node_selector: planned value cty.MapValEmpty(cty.String) for a non-computed attribute
      - .spec[0].template[0].spec[0].restart_policy: planned value cty.StringVal("Always") for a non-computed attribute
      - .spec[0].template[0].spec[0].subdomain: planned value cty.StringVal("") for a non-computed attribute
      - .spec[0].template[0].spec[0].container[0].stdin: planned value cty.False for a non-computed attribute
      - .spec[0].template[0].spec[0].container[0].tty: planned value cty.False for a non-computed attribute
      - .spec[0].template[0].spec[0].container[0].working_dir: planned value cty.StringVal("") for a non-computed attribute
      - .spec[0].template[0].spec[0].container[0].args: planned value cty.ListValEmpty(cty.String) for a non-computed attribute
      - .spec[0].template[0].spec[0].container[0].stdin_once: planned value cty.False for a non-computed attribute
      - .spec[0].template[0].spec[0].container[0].termination_message_path: planned value cty.StringVal("/dev/termination-log") for a non-computed attribute
      - .spec[0].template[0].spec[0].container[0].resources: block count in plan (1) disagrees with count in config (0)
      - .spec[0].template[0].spec[0].container[0].volume_mount[0].mount_propagation: planned value cty.StringVal("None") for a non-computed attribute
      - .spec[0].template[0].spec[0].container[0].volume_mount[0].read_only: planned value cty.False for a non-computed attribute
      - .spec[0].template[0].spec[0].container[0].volume_mount[0].sub_path: planned value cty.StringVal("") for a non-computed attribute
      - .spec[0].template[0].spec[0].volume[0].persistent_volume_claim[0].read_only: planned value cty.False for a non-computed attribute
2025-01-18T16:05:12.619+0200 [WARN]  Provider "registry.terraform.io/hashicorp/kubernetes" produced an invalid plan for module.meilisearch.kubernetes_deployment.reactory_meilisearch, but we are tolerating it because it is using the legacy plugin SDK.
    The following problems may be the cause of any confusing errors from downstream operations:
      - .wait_for_rollout: planned value cty.True for a non-computed attribute
      - .metadata[0].annotations: planned value cty.MapValEmpty(cty.String) for a non-computed attribute
      - .metadata[0].generate_name: planned value cty.StringVal("") for a non-computed attribute
      - .metadata[0].labels: planned value cty.MapValEmpty(cty.String) for a non-computed attribute
      - .spec[0].min_ready_seconds: planned value cty.NumberIntVal(0) for a non-computed attribute
      - .spec[0].paused: planned value cty.False for a non-computed attribute
      - .spec[0].progress_deadline_seconds: planned value cty.NumberIntVal(600) for a non-computed attribute
      - .spec[0].revision_history_limit: planned value cty.NumberIntVal(10) for a non-computed attribute
      - .spec[0].strategy: block count in plan (1) disagrees with count in config (0)
      - .spec[0].template[0].metadata[0].generate_name: planned value cty.StringVal("") for a non-computed attribute
      - .spec[0].template[0].metadata[0].namespace: planned value cty.StringVal("") for a non-computed attribute
      - .spec[0].template[0].metadata[0].annotations: planned value cty.MapValEmpty(cty.String) for a non-computed attribute
      - .spec[0].template[0].spec[0].enable_service_links: planned value cty.True for a non-computed attribute
      - .spec[0].template[0].spec[0].priority_class_name: planned value cty.StringVal("") for a non-computed attribute
      - .spec[0].template[0].spec[0].runtime_class_name: planned value cty.StringVal("") for a non-computed attribute
      - .spec[0].template[0].spec[0].termination_grace_period_seconds: planned value cty.NumberIntVal(30) for a non-computed attribute
      - .spec[0].template[0].spec[0].automount_service_account_token: planned value cty.True for a non-computed attribute
      - .spec[0].template[0].spec[0].host_network: planned value cty.False for a non-computed attribute
      - .spec[0].template[0].spec[0].share_process_namespace: planned value cty.False for a non-computed attribute
      - .spec[0].template[0].spec[0].dns_policy: planned value cty.StringVal("ClusterFirst") for a non-computed attribute
      - .spec[0].template[0].spec[0].host_ipc: planned value cty.False for a non-computed attribute
      - .spec[0].template[0].spec[0].active_deadline_seconds: planned value cty.NumberIntVal(0) for a non-computed attribute
      - .spec[0].template[0].spec[0].host_pid: planned value cty.False for a non-computed attribute
      - .spec[0].template[0].spec[0].node_selector: planned value cty.MapValEmpty(cty.String) for a non-computed attribute
      - .spec[0].template[0].spec[0].restart_policy: planned value cty.StringVal("Always") for a non-computed attribute
      - .spec[0].template[0].spec[0].subdomain: planned value cty.StringVal("") for a non-computed attribute
      - .spec[0].template[0].spec[0].volume[0].persistent_volume_claim[0].read_only: planned value cty.False for a non-computed attribute
      - .spec[0].template[0].spec[0].container[0].working_dir: planned value cty.StringVal("") for a non-computed attribute
      - .spec[0].template[0].spec[0].container[0].args: planned value cty.ListValEmpty(cty.String) for a non-computed attribute
      - .spec[0].template[0].spec[0].container[0].command: planned value cty.ListValEmpty(cty.String) for a non-computed attribute
      - .spec[0].template[0].spec[0].container[0].stdin: planned value cty.False for a non-computed attribute
      - .spec[0].template[0].spec[0].container[0].tty: planned value cty.False for a non-computed attribute
      - .spec[0].template[0].spec[0].container[0].stdin_once: planned value cty.False for a non-computed attribute
      - .spec[0].template[0].spec[0].container[0].termination_message_path: planned value cty.StringVal("/dev/termination-log") for a non-computed attribute
      - .spec[0].template[0].spec[0].container[0].resources: block count in plan (1) disagrees with count in config (0)
      - .spec[0].template[0].spec[0].container[0].volume_mount[0].mount_propagation: planned value cty.StringVal("None") for a non-computed attribute
      - .spec[0].template[0].spec[0].container[0].volume_mount[0].read_only: planned value cty.False for a non-computed attribute
      - .spec[0].template[0].spec[0].container[0].volume_mount[0].sub_path: planned value cty.StringVal("") for a non-computed attribute
2025-01-18T16:05:12.619+0200 [WARN]  Provider "registry.terraform.io/hashicorp/kubernetes" produced an invalid plan for module.mongodb.kubernetes_deployment.reactory_mongodb, but we are tolerating it because it is using the legacy plugin SDK.
    The following problems may be the cause of any confusing errors from downstream operations:
      - .wait_for_rollout: planned value cty.True for a non-computed attribute
      - .metadata[0].annotations: planned value cty.MapValEmpty(cty.String) for a non-computed attribute
      - .metadata[0].generate_name: planned value cty.StringVal("") for a non-computed attribute
      - .metadata[0].labels: planned value cty.MapValEmpty(cty.String) for a non-computed attribute
      - .spec[0].progress_deadline_seconds: planned value cty.NumberIntVal(600) for a non-computed attribute
      - .spec[0].revision_history_limit: planned value cty.NumberIntVal(10) for a non-computed attribute
      - .spec[0].min_ready_seconds: planned value cty.NumberIntVal(0) for a non-computed attribute
      - .spec[0].paused: planned value cty.False for a non-computed attribute
      - .spec[0].strategy: block count in plan (1) disagrees with count in config (0)
      - .spec[0].template[0].metadata[0].namespace: planned value cty.StringVal("") for a non-computed attribute
      - .spec[0].template[0].metadata[0].annotations: planned value cty.MapValEmpty(cty.String) for a non-computed attribute
      - .spec[0].template[0].metadata[0].generate_name: planned value cty.StringVal("") for a non-computed attribute
      - .spec[0].template[0].spec[0].host_pid: planned value cty.False for a non-computed attribute
      - .spec[0].template[0].spec[0].node_selector: planned value cty.MapValEmpty(cty.String) for a non-computed attribute
      - .spec[0].template[0].spec[0].restart_policy: planned value cty.StringVal("Always") for a non-computed attribute
      - .spec[0].template[0].spec[0].subdomain: planned value cty.StringVal("") for a non-computed attribute
      - .spec[0].template[0].spec[0].active_deadline_seconds: planned value cty.NumberIntVal(0) for a non-computed attribute
      - .spec[0].template[0].spec[0].priority_class_name: planned value cty.StringVal("") for a non-computed attribute
      - .spec[0].template[0].spec[0].runtime_class_name: planned value cty.StringVal("") for a non-computed attribute
      - .spec[0].template[0].spec[0].termination_grace_period_seconds: planned value cty.NumberIntVal(30) for a non-computed attribute
      - .spec[0].template[0].spec[0].enable_service_links: planned value cty.True for a non-computed attribute
      - .spec[0].template[0].spec[0].host_network: planned value cty.False for a non-computed attribute
      - .spec[0].template[0].spec[0].share_process_namespace: planned value cty.False for a non-computed attribute
      - .spec[0].template[0].spec[0].automount_service_account_token: planned value cty.True for a non-computed attribute
      - .spec[0].template[0].spec[0].host_ipc: planned value cty.False for a non-computed attribute
      - .spec[0].template[0].spec[0].dns_policy: planned value cty.StringVal("ClusterFirst") for a non-computed attribute
      - .spec[0].template[0].spec[0].container[0].stdin_once: planned value cty.False for a non-computed attribute
      - .spec[0].template[0].spec[0].container[0].termination_message_path: planned value cty.StringVal("/dev/termination-log") for a non-computed attribute
      - .spec[0].template[0].spec[0].container[0].stdin: planned value cty.False for a non-computed attribute
      - .spec[0].template[0].spec[0].container[0].tty: planned value cty.False for a non-computed attribute
      - .spec[0].template[0].spec[0].container[0].working_dir: planned value cty.StringVal("") for a non-computed attribute
      - .spec[0].template[0].spec[0].container[0].args: planned value cty.ListValEmpty(cty.String) for a non-computed attribute
      - .spec[0].template[0].spec[0].container[0].command: planned value cty.ListValEmpty(cty.String) for a non-computed attribute
      - .spec[0].template[0].spec[0].container[0].resources: block count in plan (1) disagrees with count in config (0)
      - .spec[0].template[0].spec[0].container[0].volume_mount[0].mount_propagation: planned value cty.StringVal("None") for a non-computed attribute
      - .spec[0].template[0].spec[0].container[0].volume_mount[0].read_only: planned value cty.False for a non-computed attribute
      - .spec[0].template[0].spec[0].container[0].volume_mount[0].sub_path: planned value cty.StringVal("") for a non-computed attribute
      - .spec[0].template[0].spec[0].volume[0].persistent_volume_claim[0].read_only: planned value cty.False for a non-computed attribute
2025-01-18T16:05:12.620+0200 [WARN]  Provider "registry.terraform.io/hashicorp/kubernetes" produced an invalid plan for module.postgres.kubernetes_deployment.reactory_postgres, but we are tolerating it because it is using the legacy plugin SDK.
    The following problems may be the cause of any confusing errors from downstream operations:
      - .wait_for_rollout: planned value cty.True for a non-computed attribute
      - .metadata[0].annotations: planned value cty.MapValEmpty(cty.String) for a non-computed attribute
      - .metadata[0].generate_name: planned value cty.StringVal("") for a non-computed attribute
      - .metadata[0].labels: planned value cty.MapValEmpty(cty.String) for a non-computed attribute
      - .spec[0].min_ready_seconds: planned value cty.NumberIntVal(0) for a non-computed attribute
      - .spec[0].paused: planned value cty.False for a non-computed attribute
      - .spec[0].progress_deadline_seconds: planned value cty.NumberIntVal(600) for a non-computed attribute
      - .spec[0].revision_history_limit: planned value cty.NumberIntVal(10) for a non-computed attribute
      - .spec[0].strategy: block count in plan (1) disagrees with count in config (0)
      - .spec[0].template[0].metadata[0].namespace: planned value cty.StringVal("") for a non-computed attribute
      - .spec[0].template[0].metadata[0].annotations: planned value cty.MapValEmpty(cty.String) for a non-computed attribute
      - .spec[0].template[0].metadata[0].generate_name: planned value cty.StringVal("") for a non-computed attribute
      - .spec[0].template[0].spec[0].runtime_class_name: planned value cty.StringVal("") for a non-computed attribute
      - .spec[0].template[0].spec[0].termination_grace_period_seconds: planned value cty.NumberIntVal(30) for a non-computed attribute
      - .spec[0].template[0].spec[0].enable_service_links: planned value cty.True for a non-computed attribute
      - .spec[0].template[0].spec[0].priority_class_name: planned value cty.StringVal("") for a non-computed attribute
      - .spec[0].template[0].spec[0].share_process_namespace: planned value cty.False for a non-computed attribute
      - .spec[0].template[0].spec[0].automount_service_account_token: planned value cty.True for a non-computed attribute
      - .spec[0].template[0].spec[0].host_network: planned value cty.False for a non-computed attribute
      - .spec[0].template[0].spec[0].dns_policy: planned value cty.StringVal("ClusterFirst") for a non-computed attribute
      - .spec[0].template[0].spec[0].host_ipc: planned value cty.False for a non-computed attribute
      - .spec[0].template[0].spec[0].node_selector: planned value cty.MapValEmpty(cty.String) for a non-computed attribute
      - .spec[0].template[0].spec[0].restart_policy: planned value cty.StringVal("Always") for a non-computed attribute
      - .spec[0].template[0].spec[0].subdomain: planned value cty.StringVal("") for a non-computed attribute
      - .spec[0].template[0].spec[0].active_deadline_seconds: planned value cty.NumberIntVal(0) for a non-computed attribute
      - .spec[0].template[0].spec[0].host_pid: planned value cty.False for a non-computed attribute
      - .spec[0].template[0].spec[0].container[0].stdin_once: planned value cty.False for a non-computed attribute
      - .spec[0].template[0].spec[0].container[0].termination_message_path: planned value cty.StringVal("/dev/termination-log") for a non-computed attribute
      - .spec[0].template[0].spec[0].container[0].stdin: planned value cty.False for a non-computed attribute
      - .spec[0].template[0].spec[0].container[0].tty: planned value cty.False for a non-computed attribute
      - .spec[0].template[0].spec[0].container[0].working_dir: planned value cty.StringVal("") for a non-computed attribute
      - .spec[0].template[0].spec[0].container[0].args: planned value cty.ListValEmpty(cty.String) for a non-computed attribute
      - .spec[0].template[0].spec[0].container[0].command: planned value cty.ListValEmpty(cty.String) for a non-computed attribute
      - .spec[0].template[0].spec[0].container[0].resources: block count in plan (1) disagrees with count in config (0)
      - .spec[0].template[0].spec[0].container[0].volume_mount[0].read_only: planned value cty.False for a non-computed attribute
      - .spec[0].template[0].spec[0].container[0].volume_mount[0].sub_path: planned value cty.StringVal("") for a non-computed attribute
      - .spec[0].template[0].spec[0].container[0].volume_mount[0].mount_propagation: planned value cty.StringVal("None") for a non-computed attribute
      - .spec[0].template[0].spec[0].volume[0].persistent_volume_claim[0].read_only: planned value cty.False for a non-computed attribute
2025-01-18T16:05:12.620+0200 [WARN]  Provider "registry.terraform.io/hashicorp/kubernetes" produced an invalid plan for module.express_server.kubernetes_deployment.reactory_express_server, but we are tolerating it because it is using the legacy plugin SDK.
    The following problems may be the cause of any confusing errors from downstream operations:
      - .wait_for_rollout: planned value cty.True for a non-computed attribute
      - .spec[0].revision_history_limit: planned value cty.NumberIntVal(10) for a non-computed attribute
      - .spec[0].min_ready_seconds: planned value cty.NumberIntVal(0) for a non-computed attribute
      - .spec[0].paused: planned value cty.False for a non-computed attribute
      - .spec[0].progress_deadline_seconds: planned value cty.NumberIntVal(600) for a non-computed attribute
      - .spec[0].template[0].spec[0].dns_policy: planned value cty.StringVal("ClusterFirst") for a non-computed attribute
      - .spec[0].template[0].spec[0].host_ipc: planned value cty.False for a non-computed attribute
      - .spec[0].template[0].spec[0].host_pid: planned value cty.False for a non-computed attribute
      - .spec[0].template[0].spec[0].restart_policy: planned value cty.StringVal("Always") for a non-computed attribute
      - .spec[0].template[0].spec[0].enable_service_links: planned value cty.True for a non-computed attribute
      - .spec[0].template[0].spec[0].termination_grace_period_seconds: planned value cty.NumberIntVal(30) for a non-computed attribute
      - .spec[0].template[0].spec[0].automount_service_account_token: planned value cty.True for a non-computed attribute
      - .spec[0].template[0].spec[0].host_network: planned value cty.False for a non-computed attribute
      - .spec[0].template[0].spec[0].share_process_namespace: planned value cty.False for a non-computed attribute
      - .spec[0].template[0].spec[0].image_pull_secrets: attribute representing nested block must not be unknown itself; set nested attribute values to unknown instead
      - .spec[0].template[0].spec[0].readiness_gate: attribute representing nested block must not be unknown itself; set nested attribute values to unknown instead
      - .spec[0].template[0].spec[0].volume[0].persistent_volume_claim[0].read_only: planned value cty.False for a non-computed attribute
      - .spec[0].template[0].spec[0].volume[2].persistent_volume_claim[0].read_only: planned value cty.False for a non-computed attribute
      - .spec[0].template[0].spec[0].container[0].tty: planned value cty.False for a non-computed attribute
      - .spec[0].template[0].spec[0].container[0].stdin: planned value cty.False for a non-computed attribute
      - .spec[0].template[0].spec[0].container[0].stdin_once: planned value cty.False for a non-computed attribute
      - .spec[0].template[0].spec[0].container[0].termination_message_path: planned value cty.StringVal("/dev/termination-log") for a non-computed attribute
      - .spec[0].template[0].spec[0].container[0].volume_mount[0].mount_propagation: planned value cty.StringVal("None") for a non-computed attribute
      - .spec[0].template[0].spec[0].container[0].volume_mount[0].read_only: planned value cty.False for a non-computed attribute
      - .spec[0].template[0].spec[0].container[0].volume_mount[1].mount_propagation: planned value cty.StringVal("None") for a non-computed attribute
      - .spec[0].template[0].spec[0].container[0].volume_mount[1].read_only: planned value cty.False for a non-computed attribute
      - .spec[0].template[0].spec[0].container[0].resources: attribute representing nested block must not be unknown itself; set nested attribute values to unknown instead
      - .spec[0].strategy: attribute representing nested block must not be unknown itself; set nested attribute values to unknown instead
2025-01-18T16:05:12.625+0200 [INFO]  provider: plugin process exited: plugin=.terraform/providers/registry.terraform.io/hashicorp/kubernetes/2.35.1/darwin_arm64/terraform-provider-kubernetes_v2.35.1_x5 id=91163
2025-01-18T16:05:14.736+0200 [INFO]  backend/local: apply calling Apply
2025-01-18T16:05:14.755+0200 [INFO]  provider: configuring client automatic mTLS
2025-01-18T16:05:14.796+0200 [INFO]  provider.terraform-provider-kubernetes_v2.35.1_x5: configuring server automatic mTLS: timestamp="2025-01-18T16:05:14.795+0200"
2025-01-18T16:05:14.814+0200 [INFO]  Starting apply for module.mongodb.kubernetes_persistent_volume_claim.mongodb_data
2025-01-18T16:05:14.815+0200 [INFO]  Starting apply for module.mongodb.kubernetes_persistent_volume.mongodb_data
2025-01-18T16:05:14.819+0200 [WARN]  Provider "registry.terraform.io/hashicorp/kubernetes" produced an invalid plan for module.nginx.kubernetes_service.reactory_nginx, but we are tolerating it because it is using the legacy plugin SDK.
    The following problems may be the cause of any confusing errors from downstream operations:
      - .wait_for_load_balancer: planned value cty.True for a non-computed attribute
      - .spec[0].allocate_load_balancer_node_ports: planned value cty.True for a non-computed attribute
      - .spec[0].session_affinity: planned value cty.StringVal("None") for a non-computed attribute
      - .spec[0].publish_not_ready_addresses: planned value cty.False for a non-computed attribute
      - .spec[0].port[0].protocol: planned value cty.StringVal("TCP") for a non-computed attribute
      - .spec[0].session_affinity_config: attribute representing nested block must not be unknown itself; set nested attribute values to unknown instead
2025-01-18T16:05:14.819+0200 [INFO]  Starting apply for module.nginx.kubernetes_service.reactory_nginx
2025-01-18T16:05:14.821+0200 [INFO]  Starting apply for module.express_server.kubernetes_deployment.reactory_express_server
2025-01-18T16:05:14.821+0200 [WARN]  Provider "registry.terraform.io/hashicorp/kubernetes" produced an invalid plan for module.express_server.kubernetes_persistent_volume.reactory_data, but we are tolerating it because it is using the legacy plugin SDK.
    The following problems may be the cause of any confusing errors from downstream operations:
      - .spec[0].persistent_volume_reclaim_policy: planned value cty.StringVal("Retain") for a non-computed attribute
      - .spec[0].volume_mode: planned value cty.StringVal("Filesystem") for a non-computed attribute
      - .spec[0].claim_ref: attribute representing nested block must not be unknown itself; set nested attribute values to unknown instead
      - .spec[0].node_affinity: attribute representing nested block must not be unknown itself; set nested attribute values to unknown instead
2025-01-18T16:05:14.821+0200 [INFO]  Starting apply for module.express_server.kubernetes_persistent_volume.reactory_data
2025-01-18T16:05:14.835+0200 [WARN]  Provider "registry.terraform.io/hashicorp/kubernetes" produced an invalid plan for module.prometheus.kubernetes_deployment.reactory_prometheus, but we are tolerating it because it is using the legacy plugin SDK.
    The following problems may be the cause of any confusing errors from downstream operations:
      - .wait_for_rollout: planned value cty.True for a non-computed attribute
      - .metadata[0].generate_name: planned value cty.StringVal("") for a non-computed attribute
      - .metadata[0].labels: planned value cty.MapValEmpty(cty.String) for a non-computed attribute
      - .metadata[0].annotations: planned value cty.MapValEmpty(cty.String) for a non-computed attribute
      - .spec[0].min_ready_seconds: planned value cty.NumberIntVal(0) for a non-computed attribute
      - .spec[0].paused: planned value cty.False for a non-computed attribute
      - .spec[0].progress_deadline_seconds: planned value cty.NumberIntVal(600) for a non-computed attribute
      - .spec[0].revision_history_limit: planned value cty.NumberIntVal(10) for a non-computed attribute
      - .spec[0].strategy: block count in plan (1) disagrees with count in config (0)
      - .spec[0].template[0].metadata[0].namespace: planned value cty.StringVal("") for a non-computed attribute
      - .spec[0].template[0].metadata[0].annotations: planned value cty.MapValEmpty(cty.String) for a non-computed attribute
      - .spec[0].template[0].metadata[0].generate_name: planned value cty.StringVal("") for a non-computed attribute
      - .spec[0].template[0].spec[0].automount_service_account_token: planned value cty.True for a non-computed attribute
      - .spec[0].template[0].spec[0].host_network: planned value cty.False for a non-computed attribute
      - .spec[0].template[0].spec[0].share_process_namespace: planned value cty.False for a non-computed attribute
      - .spec[0].template[0].spec[0].dns_policy: planned value cty.StringVal("ClusterFirst") for a non-computed attribute
      - .spec[0].template[0].spec[0].host_ipc: planned value cty.False for a non-computed attribute
      - .spec[0].template[0].spec[0].active_deadline_seconds: planned value cty.NumberIntVal(0) for a non-computed attribute
      - .spec[0].template[0].spec[0].host_pid: planned value cty.False for a non-computed attribute
      - .spec[0].template[0].spec[0].node_selector: planned value cty.MapValEmpty(cty.String) for a non-computed attribute
      - .spec[0].template[0].spec[0].restart_policy: planned value cty.StringVal("Always") for a non-computed attribute
      - .spec[0].template[0].spec[0].subdomain: planned value cty.StringVal("") for a non-computed attribute
      - .spec[0].template[0].spec[0].enable_service_links: planned value cty.True for a non-computed attribute
      - .spec[0].template[0].spec[0].priority_class_name: planned value cty.StringVal("") for a non-computed attribute
      - .spec[0].template[0].spec[0].runtime_class_name: planned value cty.StringVal("") for a non-computed attribute
      - .spec[0].template[0].spec[0].termination_grace_period_seconds: planned value cty.NumberIntVal(30) for a non-computed attribute
      - .spec[0].template[0].spec[0].container[0].stdin: planned value cty.False for a non-computed attribute
      - .spec[0].template[0].spec[0].container[0].tty: planned value cty.False for a non-computed attribute
      - .spec[0].template[0].spec[0].container[0].working_dir: planned value cty.StringVal("") for a non-computed attribute
      - .spec[0].template[0].spec[0].container[0].args: planned value cty.ListValEmpty(cty.String) for a non-computed attribute
      - .spec[0].template[0].spec[0].container[0].command: planned value cty.ListValEmpty(cty.String) for a non-computed attribute
      - .spec[0].template[0].spec[0].container[0].stdin_once: planned value cty.False for a non-computed attribute
      - .spec[0].template[0].spec[0].container[0].termination_message_path: planned value cty.StringVal("/dev/termination-log") for a non-computed attribute
      - .spec[0].template[0].spec[0].container[0].volume_mount[0].read_only: planned value cty.False for a non-computed attribute
      - .spec[0].template[0].spec[0].container[0].volume_mount[0].mount_propagation: planned value cty.StringVal("None") for a non-computed attribute
      - .spec[0].template[0].spec[0].container[0].resources: block count in plan (1) disagrees with count in config (0)
2025-01-18T16:05:14.837+0200 [INFO]  Starting apply for module.prometheus.kubernetes_deployment.reactory_prometheus
2025-01-18T16:05:14.877+0200 [WARN]  Provider "registry.terraform.io/hashicorp/kubernetes" produced an invalid plan for module.express_server.kubernetes_persistent_volume_claim.reactory_data, but we are tolerating it because it is using the legacy plugin SDK.
    The following problems may be the cause of any confusing errors from downstream operations:
      - .wait_until_bound: planned value cty.True for a non-computed attribute
2025-01-18T16:05:14.877+0200 [INFO]  Starting apply for module.express_server.kubernetes_persistent_volume_claim.reactory_data
2025-01-18T16:05:14.891+0200 [ERROR] provider.terraform-provider-kubernetes_v2.35.1_x5: Response contains error diagnostic: diagnostic_detail="" diagnostic_severity=ERROR diagnostic_summary="services \"reactory-nginx\" already exists" @caller=github.com/hashicorp/terraform-plugin-go@v0.25.0/tfprotov5/internal/diag/diagnostics.go:58 @module=sdk.proto tf_req_id=8833f9cf-856d-8665-cf3a-9062c4532fdc tf_proto_version=5.7 tf_provider_addr=registry.terraform.io/hashicorp/kubernetes tf_resource_type=kubernetes_service tf_rpc=ApplyResourceChange timestamp="2025-01-18T16:05:14.890+0200"
2025-01-18T16:05:14.897+0200 [ERROR] vertex "module.nginx.kubernetes_service.reactory_nginx" error: services "reactory-nginx" already exists
2025-01-18T16:05:15.066+0200 [WARN]  Provider "provider[\"registry.terraform.io/hashicorp/kubernetes\"]" produced an unexpected new value for module.express_server.kubernetes_persistent_volume.reactory_data, but we are tolerating it because it is using the legacy plugin SDK.
    The following problems may be the cause of any confusing errors from downstream operations:
      - .spec[0].storage_class_name: was null, but now cty.StringVal("")
      - .spec[0].persistent_volume_source[0].host_path[0].type: was null, but now cty.StringVal("")
2025-01-18T16:05:15.098+0200 [WARN]  Provider "provider[\"registry.terraform.io/hashicorp/kubernetes\"]" produced an unexpected new value for module.express_server.kubernetes_persistent_volume_claim.reactory_data, but we are tolerating it because it is using the legacy plugin SDK.
    The following problems may be the cause of any confusing errors from downstream operations:
      - .metadata[0].generate_name: was null, but now cty.StringVal("")
2025-01-18T16:05:15.128+0200 [WARN]  Provider "registry.terraform.io/hashicorp/kubernetes" produced an invalid plan for module.express_server.kubernetes_deployment.reactory_express_server, but we are tolerating it because it is using the legacy plugin SDK.
    The following problems may be the cause of any confusing errors from downstream operations:
      - .wait_for_rollout: planned value cty.True for a non-computed attribute
      - .spec[0].progress_deadline_seconds: planned value cty.NumberIntVal(600) for a non-computed attribute
      - .spec[0].revision_history_limit: planned value cty.NumberIntVal(10) for a non-computed attribute
      - .spec[0].min_ready_seconds: planned value cty.NumberIntVal(0) for a non-computed attribute
      - .spec[0].paused: planned value cty.False for a non-computed attribute
      - .spec[0].template[0].spec[0].share_process_namespace: planned value cty.False for a non-computed attribute
      - .spec[0].template[0].spec[0].automount_service_account_token: planned value cty.True for a non-computed attribute
      - .spec[0].template[0].spec[0].host_network: planned value cty.False for a non-computed attribute
      - .spec[0].template[0].spec[0].dns_policy: planned value cty.StringVal("ClusterFirst") for a non-computed attribute
      - .spec[0].template[0].spec[0].host_ipc: planned value cty.False for a non-computed attribute
      - .spec[0].template[0].spec[0].restart_policy: planned value cty.StringVal("Always") for a non-computed attribute
      - .spec[0].template[0].spec[0].host_pid: planned value cty.False for a non-computed attribute
      - .spec[0].template[0].spec[0].termination_grace_period_seconds: planned value cty.NumberIntVal(30) for a non-computed attribute
      - .spec[0].template[0].spec[0].enable_service_links: planned value cty.True for a non-computed attribute
      - .spec[0].template[0].spec[0].container[0].stdin_once: planned value cty.False for a non-computed attribute
      - .spec[0].template[0].spec[0].container[0].termination_message_path: planned value cty.StringVal("/dev/termination-log") for a non-computed attribute
      - .spec[0].template[0].spec[0].container[0].stdin: planned value cty.False for a non-computed attribute
      - .spec[0].template[0].spec[0].container[0].tty: planned value cty.False for a non-computed attribute
      - .spec[0].template[0].spec[0].container[0].volume_mount[0].mount_propagation: planned value cty.StringVal("None") for a non-computed attribute
      - .spec[0].template[0].spec[0].container[0].volume_mount[0].read_only: planned value cty.False for a non-computed attribute
      - .spec[0].template[0].spec[0].container[0].volume_mount[1].read_only: planned value cty.False for a non-computed attribute
      - .spec[0].template[0].spec[0].container[0].volume_mount[1].mount_propagation: planned value cty.StringVal("None") for a non-computed attribute
      - .spec[0].template[0].spec[0].container[0].resources: attribute representing nested block must not be unknown itself; set nested attribute values to unknown instead
      - .spec[0].template[0].spec[0].readiness_gate: attribute representing nested block must not be unknown itself; set nested attribute values to unknown instead
      - .spec[0].template[0].spec[0].volume[0].persistent_volume_claim[0].read_only: planned value cty.False for a non-computed attribute
      - .spec[0].template[0].spec[0].volume[2].persistent_volume_claim[0].read_only: planned value cty.False for a non-computed attribute
      - .spec[0].template[0].spec[0].image_pull_secrets: attribute representing nested block must not be unknown itself; set nested attribute values to unknown instead
      - .spec[0].strategy: attribute representing nested block must not be unknown itself; set nested attribute values to unknown instead
2025-01-18T16:05:15.128+0200 [INFO]  Starting apply for module.express_server.kubernetes_deployment.reactory_express_server
2025-01-18T16:05:15.140+0200 [ERROR] provider.terraform-provider-kubernetes_v2.35.1_x5: Response contains error diagnostic: @caller=github.com/hashicorp/terraform-plugin-go@v0.25.0/tfprotov5/internal/diag/diagnostics.go:58 @module=sdk.proto diagnostic_detail="" diagnostic_severity=ERROR diagnostic_summary="Failed to create deployment: Deployment.apps \"reactory-express-server\" is invalid: spec.template.spec.volumes[2].name: Duplicate value: \"reactory-data\"" tf_req_id=82747a0a-c611-713f-9450-dc735dcd2902 tf_resource_type=kubernetes_deployment tf_proto_version=5.7 tf_provider_addr=registry.terraform.io/hashicorp/kubernetes tf_rpc=ApplyResourceChange timestamp="2025-01-18T16:05:15.140+0200"
2025-01-18T16:05:15.148+0200 [ERROR] vertex "module.express_server.kubernetes_deployment.reactory_express_server" error: Failed to create deployment: Deployment.apps "reactory-express-server" is invalid: spec.template.spec.volumes[2].name: Duplicate value: "reactory-data"
2025-01-18T16:05:15.379+0200 [WARN]  Provider "registry.terraform.io/hashicorp/kubernetes" produced an invalid plan for module.mongodb.kubernetes_persistent_volume.mongodb_data, but we are tolerating it because it is using the legacy plugin SDK.
    The following problems may be the cause of any confusing errors from downstream operations:
      - .spec[0].volume_mode: planned value cty.StringVal("Filesystem") for a non-computed attribute
      - .spec[0].persistent_volume_reclaim_policy: planned value cty.StringVal("Retain") for a non-computed attribute
      - .spec[0].claim_ref: attribute representing nested block must not be unknown itself; set nested attribute values to unknown instead
      - .spec[0].node_affinity: attribute representing nested block must not be unknown itself; set nested attribute values to unknown instead
2025-01-18T16:05:15.379+0200 [INFO]  Starting apply for module.mongodb.kubernetes_persistent_volume.mongodb_data
2025-01-18T16:05:15.597+0200 [WARN]  Provider "provider[\"registry.terraform.io/hashicorp/kubernetes\"]" produced an unexpected new value for module.mongodb.kubernetes_persistent_volume.mongodb_data, but we are tolerating it because it is using the legacy plugin SDK.
    The following problems may be the cause of any confusing errors from downstream operations:
      - .spec[0].storage_class_name: was null, but now cty.StringVal("")
      - .spec[0].persistent_volume_source[0].host_path[0].type: was null, but now cty.StringVal("")
2025-01-18T16:15:14.857+0200 [ERROR] provider.terraform-provider-kubernetes_v2.35.1_x5: Response contains error diagnostic: diagnostic_severity=ERROR tf_proto_version=5.7 tf_req_id=c165c05b-0826-58fe-946b-b0e827bfe4e3 tf_resource_type=kubernetes_deployment @module=sdk.proto diagnostic_detail="" diagnostic_summary="Waiting for rollout to finish: 1 old replicas are pending termination..." tf_provider_addr=registry.terraform.io/hashicorp/kubernetes tf_rpc=ApplyResourceChange @caller=github.com/hashicorp/terraform-plugin-go@v0.25.0/tfprotov5/internal/diag/diagnostics.go:58 timestamp="2025-01-18T16:15:14.857+0200"
2025-01-18T16:15:14.874+0200 [ERROR] vertex "module.prometheus.kubernetes_deployment.reactory_prometheus" error: Waiting for rollout to finish: 1 old replicas are pending termination...
2025-01-18T16:25:14.855+0200 [ERROR] provider.terraform-provider-kubernetes_v2.35.1_x5: Response contains error diagnostic: @module=sdk.proto diagnostic_detail="" tf_resource_type=kubernetes_persistent_volume_claim tf_rpc=ApplyResourceChange @caller=github.com/hashicorp/terraform-plugin-go@v0.25.0/tfprotov5/internal/diag/diagnostics.go:58 diagnostic_severity=ERROR diagnostic_summary="Persistent volume claim mongodb-data still exists with finalizers: [kubernetes.io/pvc-protection]" tf_proto_version=5.7 tf_provider_addr=registry.terraform.io/hashicorp/kubernetes tf_req_id=f41477fb-97d1-28ab-8ec9-c745e6dbaac1 timestamp="2025-01-18T16:25:14.855+0200"
2025-01-18T16:25:14.870+0200 [ERROR] vertex "module.mongodb.kubernetes_persistent_volume_claim.mongodb_data (destroy)" error: Persistent volume claim mongodb-data still exists with finalizers: [kubernetes.io/pvc-protection]
2025-01-18T16:25:14.886+0200 [INFO]  provider: plugin process exited: plugin=.terraform/providers/registry.terraform.io/hashicorp/kubernetes/2.35.1/darwin_arm64/terraform-provider-kubernetes_v2.35.1_x5 id=91181
